2025-08-09 07:45:45,428 - INFO - 🚀 Live 24/7 Trading Bot Initialized
2025-08-09 07:45:45,428 - INFO - ⚙️ Config: Max position $1000.0, Risk 2.0%
2025-08-09 07:45:45,428 - INFO - 🛡️ Safety: Emergency stop ENABLED
2025-08-09 07:45:45,428 - INFO - 🚀 LAUNCHING LIVE 24/7 AUTOMATED TRADING BOT
2025-08-09 07:45:45,428 - INFO - ============================================================
2025-08-09 07:45:45,428 - INFO - 🛡️ ULTIMATE GAS PROTECTION: ENABLED
2025-08-09 07:45:45,429 - INFO - 🤖 AI PREDICTIONS: ENABLED
2025-08-09 07:45:45,429 - INFO - ⚖️ RISK MANAGEMENT: ENABLED
2025-08-09 07:45:45,429 - INFO - 🚨 EMERGENCY STOPS: ENABLED
2025-08-09 07:45:45,429 - INFO - 📊 REAL-TIME MONITORING: ENABLED
2025-08-09 07:45:45,429 - INFO - ============================================================
2025-08-09 07:45:45,429 - INFO - 🚀 Starting 24/7 Automated Trading Bot...
2025-08-09 07:45:45,429 - INFO - 🤖 AI Signal: SELL ETHUSDT @ $2500.0000 (Confidence: 81.2%)
2025-08-09 07:45:45,429 - INFO - 🤖 AI Signal: SELL LINKUSDT @ $15.0000 (Confidence: 71.3%)
2025-08-09 07:45:45,429 - INFO - 🛡️ Gas protection blocked ETHUSDT: Position too small vs gas cost ($20.00 vs $4.69)
2025-08-09 07:45:45,429 - INFO - 🛡️ Gas protection blocked LINKUSDT: Position too small vs gas cost ($20.00 vs $4.69)
2025-08-09 07:45:45,429 - INFO - 📊 PERFORMANCE STATUS:
2025-08-09 07:45:45,429 - INFO -    💰 Total P&L: $0.00
2025-08-09 07:45:45,429 - INFO -    📈 Daily P&L: $0.00
2025-08-09 07:45:45,429 - INFO -    🎯 Total Trades: 0
2025-08-09 07:45:45,429 - INFO -    ✅ Win Rate: 0.0%
2025-08-09 07:45:45,429 - INFO -    📋 Active Positions: 0
2025-08-09 07:45:45,429 - INFO -    🏥 System Health: HEALTHY
2025-08-09 07:46:15,434 - INFO - 📊 PERFORMANCE STATUS:
2025-08-09 07:46:15,435 - INFO -    💰 Total P&L: $0.00
2025-08-09 07:46:15,435 - INFO -    📈 Daily P&L: $0.00
2025-08-09 07:46:15,435 - INFO -    🎯 Total Trades: 0
2025-08-09 07:46:15,435 - INFO -    ✅ Win Rate: 0.0%
2025-08-09 07:46:15,435 - INFO -    📋 Active Positions: 0
2025-08-09 07:46:15,435 - INFO -    🏥 System Health: HEALTHY
2025-08-09 07:46:45,437 - INFO - 🤖 AI Signal: BUY ADAUSDT @ $0.5093 (Confidence: 79.0%)
2025-08-09 07:46:45,440 - INFO - 🤖 AI Signal: BUY LINKUSDT @ $14.7626 (Confidence: 75.4%)
2025-08-09 07:46:45,440 - INFO - 🛡️ Gas protection blocked ADAUSDT: Position too small vs gas cost ($20.00 vs $4.69)
2025-08-09 07:46:45,440 - INFO - 🛡️ Gas protection blocked LINKUSDT: Position too small vs gas cost ($20.00 vs $4.69)
2025-08-09 07:46:45,442 - INFO - 📊 PERFORMANCE STATUS:
2025-08-09 07:46:45,442 - INFO -    💰 Total P&L: $0.00
2025-08-09 07:46:45,442 - INFO -    📈 Daily P&L: $0.00
2025-08-09 07:46:45,442 - INFO -    🎯 Total Trades: 0
2025-08-09 07:46:45,442 - INFO -    ✅ Win Rate: 0.0%
2025-08-09 07:46:45,442 - INFO -    📋 Active Positions: 0
2025-08-09 07:46:45,442 - INFO -    🏥 System Health: HEALTHY
2025-08-09 07:47:15,447 - INFO - 🤖 AI Signal: SELL DOTUSDT @ $8.0945 (Confidence: 76.6%)
2025-08-09 07:47:15,449 - INFO - 🛡️ Gas protection blocked DOTUSDT: Position too small vs gas cost ($20.00 vs $4.69)
2025-08-09 07:47:15,450 - INFO - 📊 PERFORMANCE STATUS:
2025-08-09 07:47:15,450 - INFO -    💰 Total P&L: $0.00
2025-08-09 07:47:15,450 - INFO -    📈 Daily P&L: $0.00
2025-08-09 07:47:15,450 - INFO -    🎯 Total Trades: 0
2025-08-09 07:47:15,450 - INFO -    ✅ Win Rate: 0.0%
2025-08-09 07:47:15,450 - INFO -    📋 Active Positions: 0
2025-08-09 07:47:15,450 - INFO -    🏥 System Health: HEALTHY
2025-08-09 07:47:45,452 - INFO - 🤖 AI Signal: SELL BTCUSDT @ $47647.2489 (Confidence: 79.1%)
2025-08-09 07:47:45,455 - INFO - 🤖 AI Signal: BUY ADAUSDT @ $0.4865 (Confidence: 87.8%)
2025-08-09 07:47:45,455 - INFO - 🤖 AI Signal: SELL LINKUSDT @ $15.0348 (Confidence: 84.7%)
2025-08-09 07:47:45,455 - INFO - 🛡️ Gas protection blocked BTCUSDT: Position too small vs gas cost ($20.00 vs $4.69)
2025-08-09 07:47:45,455 - INFO - 🛡️ Gas protection blocked ADAUSDT: Position too small vs gas cost ($20.00 vs $4.69)
2025-08-09 07:47:45,455 - INFO - 🛡️ Gas protection blocked LINKUSDT: Position too small vs gas cost ($20.00 vs $4.69)
2025-08-09 07:47:45,456 - INFO - 📊 PERFORMANCE STATUS:
2025-08-09 07:47:45,456 - INFO -    💰 Total P&L: $0.00
2025-08-09 07:47:45,456 - INFO -    📈 Daily P&L: $0.00
2025-08-09 07:47:45,456 - INFO -    🎯 Total Trades: 0
2025-08-09 07:47:45,456 - INFO -    ✅ Win Rate: 0.0%
2025-08-09 07:47:45,456 - INFO -    📋 Active Positions: 0
2025-08-09 07:47:45,456 - INFO -    🏥 System Health: HEALTHY
2025-08-09 07:48:15,460 - INFO - 📊 PERFORMANCE STATUS:
2025-08-09 07:48:15,462 - INFO -    💰 Total P&L: $0.00
2025-08-09 07:48:15,462 - INFO -    📈 Daily P&L: $0.00
2025-08-09 07:48:15,462 - INFO -    🎯 Total Trades: 0
2025-08-09 07:48:15,462 - INFO -    ✅ Win Rate: 0.0%
2025-08-09 07:48:15,462 - INFO -    📋 Active Positions: 0
2025-08-09 07:48:15,462 - INFO -    🏥 System Health: HEALTHY
2025-08-09 07:48:45,463 - INFO - 📊 PERFORMANCE STATUS:
2025-08-09 07:48:45,464 - INFO -    💰 Total P&L: $0.00
2025-08-09 07:48:45,464 - INFO -    📈 Daily P&L: $0.00
2025-08-09 07:48:45,464 - INFO -    🎯 Total Trades: 0
2025-08-09 07:48:45,464 - INFO -    ✅ Win Rate: 0.0%
2025-08-09 07:48:45,464 - INFO -    📋 Active Positions: 0
2025-08-09 07:48:45,464 - INFO -    🏥 System Health: HEALTHY
2025-08-09 07:49:15,469 - INFO - 📊 PERFORMANCE STATUS:
2025-08-09 07:49:15,470 - INFO -    💰 Total P&L: $0.00
2025-08-09 07:49:15,470 - INFO -    📈 Daily P&L: $0.00
2025-08-09 07:49:15,471 - INFO -    🎯 Total Trades: 0
2025-08-09 07:49:15,471 - INFO -    ✅ Win Rate: 0.0%
2025-08-09 07:49:15,471 - INFO -    📋 Active Positions: 0
2025-08-09 07:49:15,471 - INFO -    🏥 System Health: HEALTHY
2025-08-09 07:49:45,473 - INFO - 📊 PERFORMANCE STATUS:
2025-08-09 07:49:45,474 - INFO -    💰 Total P&L: $0.00
2025-08-09 07:49:45,474 - INFO -    📈 Daily P&L: $0.00
2025-08-09 07:49:45,474 - INFO -    🎯 Total Trades: 0
2025-08-09 07:49:45,474 - INFO -    ✅ Win Rate: 0.0%
2025-08-09 07:49:45,474 - INFO -    📋 Active Positions: 0
2025-08-09 07:49:45,475 - INFO -    🏥 System Health: HEALTHY
