fatal: bad revision 'HEAD'
[VictoryBot][config] METRICS_PORT set to 9400
API KEY: kmpUgPkVEAFpmRElYLq0uwm8RHe0KjRMskgMi4dJrRFczGcQS1BCDbexYDfFrLZN
SECRET: S5jzP0Kv4EGz6Pvc33TpPGhEy5zpeOaMjhmLewf3qaEUcrMgLCOPhPw7k83ThfgF
[VictoryBot][metrics] Prometheus HTTP server started on port 9400

🚀 Victory Trading Bot: 24/7/365 Live Trading Mode
==================================================
✅ Execution engine initialized
[VictoryBot] Available USDT balance: 61.13193351
[VictoryBot] Available USDT balance: 61.13193351
[VictoryBot] Available USDT balance: 61.13193351
[VictoryBot] Available USDT balance: 61.13193351
[VictoryBot] Starting background position monitoring for profit-taking...
[VictoryBot] Available USDT balance: 61.13193351
[VictoryBot] Available USDT balance: 61.13193351
[VictoryBot] Available USDT balance: 61.13193351
[VictoryBot] Available USDT balance: 61.13193351
[VictoryBot] Available USDT balance: 61.13193351
[VictoryBot] Available USDT balance: 61.13193351
[VictoryBot] Available USDT balance: 61.13193351
[VictoryBot] Available USDT balance: 61.13193351
[VictoryBot] Available USDT balance: 61.13193351
[VictoryBot] Available USDT balance: 61.13193351
[VictoryBot] Available USDT balance: 61.13193351
[VictoryBot] Available USDT balance: 61.13193351
[VictoryBot] Available USDT balance: 61.13193351
[VictoryBot] Available USDT balance: 61.13193351
[VictoryBot] Available USDT balance: 61.13193351
[VictoryBot] Available USDT balance: 61.13193351
[VictoryBot] Available USDT balance: 61.13193351
[VictoryBot] Available USDT balance: 61.13193351
[VictoryBot] Available USDT balance: 61.13193351
[VictoryBot] Available USDT balance: 61.13193351
[VictoryBot] Available USDT balance: 61.13193351
[VictoryBot] Available USDT balance: 61.13193351
[VictoryBot] Available USDT balance: 61.13193351
[VictoryBot] Available USDT balance: 61.13193351
[VictoryBot] Available USDT balance: 61.13193351
[VictoryBot] Available USDT balance: 61.13193351
[VictoryBot] Available USDT balance: 61.13193351
[VictoryBot] Available USDT balance: 61.13193351
[VictoryBot] Available USDT balance: 61.13193351
[VictoryBot] Available USDT balance: 61.13193351
[VictoryBot] Available USDT balance: 61.13193351
[VictoryBot] Available USDT balance: 61.13193351
[VictoryBot] Available USDT balance: 61.13193351
[VictoryBot] Available USDT balance: 61.13193351
[VictoryBot] Received signal 2, shutting down gracefully...
[VictoryBot] Shutdown complete.
