2025-08-09 10:51:11,468 - INFO - 🚀 Ultimate 24/7 Autonomous Real Money Trader Initialized
2025-08-09 10:51:11,469 - INFO - 💰 Real Money Mode: ACTIVE
2025-08-09 10:51:11,469 - INFO - 🎯 Target Daily ROI: 2.0%
2025-08-09 10:51:11,469 - INFO - 🏦 Banking Reserves: 20.0% minimum
2025-08-09 10:51:11,469 - INFO - 🌍 ISO 20022 Storage: ACTIVE
2025-08-09 10:51:13,102 - INFO - 💰 Real Portfolio Value: $5.63
2025-08-09 10:51:13,102 - INFO - 📊 Trading Universe: 53 USD pairs
2025-08-09 10:51:13,102 - INFO - 🏦 Cash Reserve: $1.13
2025-08-09 10:51:13,102 - INFO - ✅ Ultimate trading system ACTIVATED!
2025-08-09 10:51:13,102 - INFO - 💰 Real Portfolio: $5.63
2025-08-09 10:51:13,102 - INFO - 🎯 Target Daily ROI: 2.0%
2025-08-09 10:51:13,102 - INFO - 🔄 Starting Ultimate Cycle 1
2025-08-09 10:51:13,102 - INFO - 🔄 Ultimate Trading Cycle 10:51:13
2025-08-09 10:51:14,462 - INFO - 💰 Real Portfolio Value: $5.63
2025-08-09 10:51:14,462 - INFO - 📊 Trading Universe: 53 USD pairs
2025-08-09 10:51:14,462 - INFO - 🏦 Cash Reserve: $1.13
2025-08-09 10:51:16,757 - ERROR - ❌ Real trade execution failed for SOL/USD: binanceus {"code":-1013,"msg":"Filter failure: MIN_NOTIONAL"}
2025-08-09 10:51:16,981 - ERROR - ❌ Trading cycle error: unsupported operand type(s) for *: 'float' and 'NoneType'
2025-08-09 10:51:16,981 - INFO - ⏸️ Next cycle in 15 minutes...
2025-08-09 11:06:16,986 - INFO - 🔄 Starting Ultimate Cycle 2
2025-08-09 11:06:16,987 - INFO - 🔄 Ultimate Trading Cycle 11:06:16
2025-08-09 11:06:18,067 - INFO - 💰 Real Portfolio Value: $5.62
2025-08-09 11:06:18,067 - INFO - 📊 Trading Universe: 53 USD pairs
2025-08-09 11:06:18,068 - INFO - 🏦 Cash Reserve: $1.12
2025-08-09 11:06:20,451 - ERROR - ❌ Trading cycle error: unsupported operand type(s) for *: 'float' and 'NoneType'
2025-08-09 11:06:20,451 - INFO - ⏸️ Next cycle in 15 minutes...
2025-08-09 11:21:20,459 - INFO - 🔄 Starting Ultimate Cycle 3
2025-08-09 11:21:20,461 - INFO - 🔄 Ultimate Trading Cycle 11:21:20
2025-08-09 11:21:21,709 - INFO - 💰 Real Portfolio Value: $5.63
2025-08-09 11:21:21,725 - INFO - 📊 Trading Universe: 53 USD pairs
2025-08-09 11:21:21,725 - INFO - 🏦 Cash Reserve: $1.13
2025-08-09 11:21:24,415 - ERROR - ❌ Real trade execution failed for ADA/USD: binanceus {"code":-1013,"msg":"Filter failure: MIN_NOTIONAL"}
2025-08-09 11:21:24,711 - ERROR - ❌ Trading cycle error: unsupported operand type(s) for *: 'float' and 'NoneType'
2025-08-09 11:21:24,711 - INFO - ⏸️ Next cycle in 15 minutes...
2025-08-09 11:36:24,718 - INFO - 🔄 Starting Ultimate Cycle 4
2025-08-09 11:36:24,723 - INFO - 🔄 Ultimate Trading Cycle 11:36:24
2025-08-09 11:36:26,061 - INFO - 💰 Real Portfolio Value: $5.63
2025-08-09 11:36:26,062 - INFO - 📊 Trading Universe: 53 USD pairs
2025-08-09 11:36:26,062 - INFO - 🏦 Cash Reserve: $1.13
2025-08-09 11:36:28,768 - ERROR - ❌ Real trade execution failed for DOT/USD: binanceus {"code":-1013,"msg":"Filter failure: MIN_NOTIONAL"}
2025-08-09 11:36:29,011 - ERROR - ❌ Trading cycle error: unsupported operand type(s) for *: 'float' and 'NoneType'
2025-08-09 11:36:29,012 - INFO - ⏸️ Next cycle in 15 minutes...
2025-08-09 11:51:29,034 - INFO - 🔄 Starting Ultimate Cycle 5
2025-08-09 11:51:29,038 - INFO - 🔄 Ultimate Trading Cycle 11:51:29
2025-08-09 11:51:30,200 - INFO - 🏦 Banking Reserves Status:
2025-08-09 11:51:30,201 - INFO -    Cash Reserve: $1.12
2025-08-09 11:51:30,201 - INFO -    Emergency Reserve: $0.56
2025-08-09 11:51:30,201 - INFO -    Available for Trading: $3.94
2025-08-09 11:51:30,201 - INFO -    Reserve Ratio: 30.0%
2025-08-09 11:51:30,201 - INFO - 💰 Real Portfolio Value: $5.62
2025-08-09 11:51:30,201 - INFO - 📊 Trading Universe: 53 USD pairs
2025-08-09 11:51:30,201 - INFO - 🏦 Cash Reserve: $1.12
2025-08-09 11:51:32,728 - ERROR - ❌ Real trade execution failed for DOT/USD: binanceus {"code":-1013,"msg":"Filter failure: MIN_NOTIONAL"}
2025-08-09 11:51:32,773 - ERROR - ❌ Real trade execution failed for ADA/USD: binanceus {"code":-1013,"msg":"Filter failure: MIN_NOTIONAL"}
2025-08-09 11:51:33,001 - ERROR - ❌ Trading cycle error: unsupported operand type(s) for *: 'float' and 'NoneType'
2025-08-09 11:51:33,002 - INFO - ⏸️ Next cycle in 15 minutes...
