2025-08-09 08:49:09,974 - INFO - 🧠 ULTRA-INTELLIGENT TRADING SYSTEM DEMONSTRATION
2025-08-09 08:49:09,975 - INFO - ================================================================================
2025-08-09 08:49:09,975 - INFO - 🎯 GOAL: Safe path to $1 trillion through intelligent trading
2025-08-09 08:49:09,975 - INFO - 🛡️ SAFETY: Maximum intelligence with profit guarantees
2025-08-09 08:49:09,975 - INFO - ================================================================================
2025-08-09 08:49:09,975 - INFO - 📊 Calculated compounding path: 9 stages to reach $1T
2025-08-09 08:49:09,975 - INFO - 
🔍 ANALYZING: BTC/USDT - $5,000
2025-08-09 08:49:09,975 - INFO - 🧠 ULTRA-INTELLIGENT ANALYSIS: BTC/USDT BUY
2025-08-09 08:49:09,975 - INFO - ============================================================
2025-08-09 08:49:09,975 - INFO - 📊 Market Intelligence:
2025-08-09 08:49:09,975 - INFO -    Volatility: 0.000
2025-08-09 08:49:09,975 - INFO -    Momentum: 0.000
2025-08-09 08:49:09,975 - INFO -    Sentiment: 0.793
2025-08-09 08:49:09,975 - INFO -    Risk Score: 0.062
2025-08-09 08:49:09,975 - INFO -    Opportunity Score: 0.238
2025-08-09 08:49:09,975 - INFO - 🎯 Profitability Analysis:
2025-08-09 08:49:09,975 - INFO -    Success Probability: 67.9%
2025-08-09 08:49:09,975 - INFO -    Expected Return: 1.47%
2025-08-09 08:49:09,975 - INFO -    Profit Confidence: 82.1%
2025-08-09 08:49:09,975 - INFO -    Guaranteed Profit: $150.00
2025-08-09 08:49:09,975 - INFO - 💰 Position Optimization:
2025-08-09 08:49:09,975 - INFO -    Original Size: $5,000.00
2025-08-09 08:49:09,975 - INFO -    Optimized Size: $2,500.00
2025-08-09 08:49:09,975 - INFO -    Expected Profit: $36.64
2025-08-09 08:49:09,976 - INFO -    Max Risk: $0.03
2025-08-09 08:49:09,976 - INFO - ✅ TRADE EXECUTED WITH ULTRA-INTELLIGENCE
2025-08-09 08:49:09,976 - INFO - 🎯 Safety Score: 71.4%
2025-08-09 08:49:09,976 - INFO - 🚀 Success Probability: 67.9%
2025-08-09 08:49:09,976 - INFO - ✅ EXECUTED: BTC/USDT
2025-08-09 08:49:09,976 - INFO -    Safety Score: 71.4%
2025-08-09 08:49:09,976 - INFO -    Expected Profit: $36.64
2025-08-09 08:49:09,976 - INFO -    Success Probability: 67.9%
2025-08-09 08:49:10,978 - INFO - 
🔍 ANALYZING: ETH/USDT - $3,000
2025-08-09 08:49:10,980 - INFO - 🧠 ULTRA-INTELLIGENT ANALYSIS: ETH/USDT BUY
2025-08-09 08:49:10,980 - INFO - ============================================================
2025-08-09 08:49:10,980 - INFO - 📊 Market Intelligence:
2025-08-09 08:49:10,981 - INFO -    Volatility: 0.000
2025-08-09 08:49:10,981 - INFO -    Momentum: -0.000
2025-08-09 08:49:10,981 - INFO -    Sentiment: 0.779
2025-08-09 08:49:10,981 - INFO -    Risk Score: 0.066
2025-08-09 08:49:10,981 - INFO -    Opportunity Score: 0.234
2025-08-09 08:49:10,981 - INFO - 🎯 Profitability Analysis:
2025-08-09 08:49:10,981 - INFO -    Success Probability: 67.4%
2025-08-09 08:49:10,981 - INFO -    Expected Return: 1.40%
2025-08-09 08:49:10,981 - INFO -    Profit Confidence: 81.7%
2025-08-09 08:49:10,981 - INFO -    Guaranteed Profit: $90.00
2025-08-09 08:49:10,981 - INFO - 💰 Position Optimization:
2025-08-09 08:49:10,981 - INFO -    Original Size: $3,000.00
2025-08-09 08:49:10,981 - INFO -    Optimized Size: $1,500.00
2025-08-09 08:49:10,982 - INFO -    Expected Profit: $20.94
2025-08-09 08:49:10,982 - INFO -    Max Risk: $0.02
2025-08-09 08:49:10,982 - INFO - ✅ TRADE EXECUTED WITH ULTRA-INTELLIGENCE
2025-08-09 08:49:10,982 - INFO - 🎯 Safety Score: 71.4%
2025-08-09 08:49:10,982 - INFO - 🚀 Success Probability: 67.4%
2025-08-09 08:49:10,982 - INFO - ✅ EXECUTED: ETH/USDT
2025-08-09 08:49:10,982 - INFO -    Safety Score: 71.4%
2025-08-09 08:49:10,982 - INFO -    Expected Profit: $20.94
2025-08-09 08:49:10,982 - INFO -    Success Probability: 67.4%
2025-08-09 08:49:11,984 - INFO - 
🔍 ANALYZING: NEAR/USDT - $2,000
2025-08-09 08:49:11,984 - INFO - 🧠 ULTRA-INTELLIGENT ANALYSIS: NEAR/USDT BUY
2025-08-09 08:49:11,984 - INFO - ============================================================
2025-08-09 08:49:11,985 - INFO - 📊 Market Intelligence:
2025-08-09 08:49:11,985 - INFO -    Volatility: 0.000
2025-08-09 08:49:11,985 - INFO -    Momentum: 0.000
2025-08-09 08:49:11,985 - INFO -    Sentiment: 0.735
2025-08-09 08:49:11,985 - INFO -    Risk Score: 0.079
2025-08-09 08:49:11,985 - INFO -    Opportunity Score: 0.221
2025-08-09 08:49:11,985 - INFO - 🎯 Profitability Analysis:
2025-08-09 08:49:11,985 - INFO -    Success Probability: 65.9%
2025-08-09 08:49:11,985 - INFO -    Expected Return: 1.18%
2025-08-09 08:49:11,985 - INFO -    Profit Confidence: 80.6%
2025-08-09 08:49:11,985 - INFO -    Guaranteed Profit: $60.00
2025-08-09 08:49:11,986 - INFO - 💰 Position Optimization:
2025-08-09 08:49:11,986 - INFO -    Original Size: $2,000.00
2025-08-09 08:49:11,986 - INFO -    Optimized Size: $1,000.00
2025-08-09 08:49:11,986 - INFO -    Expected Profit: $11.76
2025-08-09 08:49:11,986 - INFO -    Max Risk: $0.01
2025-08-09 08:49:11,986 - INFO - ✅ TRADE EXECUTED WITH ULTRA-INTELLIGENCE
2025-08-09 08:49:11,986 - INFO - 🎯 Safety Score: 71.4%
2025-08-09 08:49:11,986 - INFO - 🚀 Success Probability: 65.9%
2025-08-09 08:49:11,986 - INFO - ✅ EXECUTED: NEAR/USDT
2025-08-09 08:49:11,986 - INFO -    Safety Score: 71.4%
2025-08-09 08:49:11,986 - INFO -    Expected Profit: $11.76
2025-08-09 08:49:11,986 - INFO -    Success Probability: 65.9%
2025-08-09 08:49:12,987 - INFO - 
🔍 ANALYZING: SOL/USDT - $4,000
2025-08-09 08:49:12,987 - INFO - 🧠 ULTRA-INTELLIGENT ANALYSIS: SOL/USDT BUY
2025-08-09 08:49:12,987 - INFO - ============================================================
2025-08-09 08:49:12,988 - WARNING - 🚫 TRADE REJECTED: 🚫 REJECT - Safety thresholds not met
2025-08-09 08:49:12,988 - INFO - 🚫 REJECTED: SOL/USDT
2025-08-09 08:49:12,988 - INFO -    Reason: 🚫 REJECT - Safety thresholds not met
2025-08-09 08:49:13,991 - INFO - 
🎯 ULTRA-INTELLIGENT TRADING DEMONSTRATION COMPLETE
2025-08-09 08:49:13,992 - INFO - ============================================================
2025-08-09 08:49:13,992 - INFO - 📊 Trades Analyzed: 4
2025-08-09 08:49:13,992 - INFO - ✅ Trades Executed: 3
2025-08-09 08:49:13,992 - INFO - 🚫 Trades Rejected: 1
2025-08-09 08:49:13,992 - INFO - 🧠 Intelligence Level: MAXIMUM
2025-08-09 08:49:13,992 - INFO - 🛡️ Safety Level: ULTRA-HIGH
2025-08-09 08:49:13,992 - INFO - 💰 Profit Guarantees: ACTIVE
2025-08-09 08:49:13,992 - INFO - 📈 Path to $1T: CALCULATED
2025-08-09 08:49:13,992 - INFO - 📝 Report: ultra_intelligent_trading_report.json
2025-08-09 08:53:04,248 - INFO - 🧠 ULTRA-INTELLIGENT TRADING SYSTEM SIMULATION
2025-08-09 08:53:04,248 - INFO - ================================================================================
2025-08-09 08:53:04,248 - INFO - 💰 Starting Capital: $100,000.00
2025-08-09 08:53:04,248 - INFO - 🎯 Target Capital: $1,000,000,000,000
2025-08-09 08:53:04,248 - INFO - 📊 Required Growth: 10,000,000x
2025-08-09 08:53:04,248 - INFO - 🛡️ Maximum Safety and Intelligence Active
2025-08-09 08:53:04,248 - INFO - ================================================================================
2025-08-09 08:53:04,249 - INFO - 
🔍 TRADE #1: Analyzing DOT/USDT
2025-08-09 08:53:04,249 - INFO - 📊 Market Intelligence:
2025-08-09 08:53:04,249 - INFO -    🎯 Profit Probability: 44.8%
2025-08-09 08:53:04,249 - INFO -    📈 Risk-Adjusted Score: 0.64
2025-08-09 08:53:04,249 - INFO -    ⚡ Volatility Regime: HIGH
2025-08-09 08:53:04,249 - INFO -    🔧 Technical Confluence: 0.52
2025-08-09 08:53:04,249 - INFO - 🛡️ Profit Guarantee Analysis:
2025-08-09 08:53:04,249 - INFO -    ✅ Guarantee Score: 0.56
2025-08-09 08:53:04,249 - INFO -    📊 Risk/Reward Ratio: 3.4:1
2025-08-09 08:53:04,249 - INFO -    🎯 Expected Profit: 6.7%
2025-08-09 08:53:04,249 - INFO -    ⚠️ Max Risk: 2.0%
2025-08-09 08:53:04,249 - INFO - 🚫 TRADE SKIPPED: Safety thresholds not met
2025-08-09 08:53:04,249 - INFO -    🛡️ Safety protection active
2025-08-09 08:53:04,350 - INFO - 
🔍 TRADE #2: Analyzing LINK/USDT
2025-08-09 08:53:04,351 - INFO - 📊 Market Intelligence:
2025-08-09 08:53:04,351 - INFO -    🎯 Profit Probability: 48.8%
2025-08-09 08:53:04,351 - INFO -    📈 Risk-Adjusted Score: 0.60
2025-08-09 08:53:04,351 - INFO -    ⚡ Volatility Regime: EXTREME
2025-08-09 08:53:04,351 - INFO -    🔧 Technical Confluence: 0.51
2025-08-09 08:53:04,351 - INFO - 🛡️ Profit Guarantee Analysis:
2025-08-09 08:53:04,351 - INFO -    ✅ Guarantee Score: 0.49
2025-08-09 08:53:04,351 - INFO -    📊 Risk/Reward Ratio: 3.7:1
2025-08-09 08:53:04,351 - INFO -    🎯 Expected Profit: 7.3%
2025-08-09 08:53:04,351 - INFO -    ⚠️ Max Risk: 2.0%
2025-08-09 08:53:04,351 - INFO - 🚫 TRADE SKIPPED: Safety thresholds not met
2025-08-09 08:53:04,351 - INFO -    🛡️ Safety protection active
2025-08-09 08:53:04,452 - INFO - 
🔍 TRADE #3: Analyzing UNI/USDT
2025-08-09 08:53:04,453 - INFO - 📊 Market Intelligence:
2025-08-09 08:53:04,453 - INFO -    🎯 Profit Probability: 67.9%
2025-08-09 08:53:04,453 - INFO -    📈 Risk-Adjusted Score: 0.62
2025-08-09 08:53:04,453 - INFO -    ⚡ Volatility Regime: LOW
2025-08-09 08:53:04,453 - INFO -    🔧 Technical Confluence: 0.56
2025-08-09 08:53:04,453 - INFO - 🛡️ Profit Guarantee Analysis:
2025-08-09 08:53:04,453 - INFO -    ✅ Guarantee Score: 0.67
2025-08-09 08:53:04,453 - INFO -    📊 Risk/Reward Ratio: 5.1:1
2025-08-09 08:53:04,453 - INFO -    🎯 Expected Profit: 10.2%
2025-08-09 08:53:04,453 - INFO -    ⚠️ Max Risk: 2.0%
2025-08-09 08:53:04,453 - INFO - 🚫 TRADE SKIPPED: Safety thresholds not met
2025-08-09 08:53:04,453 - INFO -    🛡️ Safety protection active
2025-08-09 08:53:04,554 - INFO - 
🔍 TRADE #4: Analyzing UNI/USDT
2025-08-09 08:53:04,554 - INFO - 📊 Market Intelligence:
2025-08-09 08:53:04,554 - INFO -    🎯 Profit Probability: 67.9%
2025-08-09 08:53:04,554 - INFO -    📈 Risk-Adjusted Score: 0.62
2025-08-09 08:53:04,555 - INFO -    ⚡ Volatility Regime: LOW
2025-08-09 08:53:04,555 - INFO -    🔧 Technical Confluence: 0.56
2025-08-09 08:53:04,555 - INFO - 🛡️ Profit Guarantee Analysis:
2025-08-09 08:53:04,555 - INFO -    ✅ Guarantee Score: 0.67
2025-08-09 08:53:04,555 - INFO -    📊 Risk/Reward Ratio: 5.1:1
2025-08-09 08:53:04,555 - INFO -    🎯 Expected Profit: 10.2%
2025-08-09 08:53:04,555 - INFO -    ⚠️ Max Risk: 2.0%
2025-08-09 08:53:04,555 - INFO - 🚫 TRADE SKIPPED: Safety thresholds not met
2025-08-09 08:53:04,555 - INFO -    🛡️ Safety protection active
2025-08-09 08:53:04,656 - INFO - 
🔍 TRADE #5: Analyzing UNI/USDT
2025-08-09 08:53:04,656 - INFO - 📊 Market Intelligence:
2025-08-09 08:53:04,656 - INFO -    🎯 Profit Probability: 67.9%
2025-08-09 08:53:04,656 - INFO -    📈 Risk-Adjusted Score: 0.62
2025-08-09 08:53:04,656 - INFO -    ⚡ Volatility Regime: LOW
2025-08-09 08:53:04,657 - INFO -    🔧 Technical Confluence: 0.56
2025-08-09 08:53:04,657 - INFO - 🛡️ Profit Guarantee Analysis:
2025-08-09 08:53:04,657 - INFO -    ✅ Guarantee Score: 0.67
2025-08-09 08:53:04,657 - INFO -    📊 Risk/Reward Ratio: 5.1:1
2025-08-09 08:53:04,657 - INFO -    🎯 Expected Profit: 10.2%
2025-08-09 08:53:04,657 - INFO -    ⚠️ Max Risk: 2.0%
2025-08-09 08:53:04,657 - INFO - 🚫 TRADE SKIPPED: Safety thresholds not met
2025-08-09 08:53:04,657 - INFO -    🛡️ Safety protection active
2025-08-09 08:53:04,758 - INFO - 
🔍 TRADE #6: Analyzing UNI/USDT
2025-08-09 08:53:04,759 - INFO - 📊 Market Intelligence:
2025-08-09 08:53:04,759 - INFO -    🎯 Profit Probability: 67.9%
2025-08-09 08:53:04,759 - INFO -    📈 Risk-Adjusted Score: 0.62
2025-08-09 08:53:04,759 - INFO -    ⚡ Volatility Regime: LOW
2025-08-09 08:53:04,759 - INFO -    🔧 Technical Confluence: 0.56
2025-08-09 08:53:04,759 - INFO - 🛡️ Profit Guarantee Analysis:
2025-08-09 08:53:04,759 - INFO -    ✅ Guarantee Score: 0.67
2025-08-09 08:53:04,759 - INFO -    📊 Risk/Reward Ratio: 5.1:1
2025-08-09 08:53:04,759 - INFO -    🎯 Expected Profit: 10.2%
2025-08-09 08:53:04,759 - INFO -    ⚠️ Max Risk: 2.0%
2025-08-09 08:53:04,759 - INFO - 🚫 TRADE SKIPPED: Safety thresholds not met
2025-08-09 08:53:04,759 - INFO -    🛡️ Safety protection active
2025-08-09 08:53:04,860 - INFO - 
🔍 TRADE #7: Analyzing UNI/USDT
2025-08-09 08:53:04,861 - INFO - 📊 Market Intelligence:
2025-08-09 08:53:04,861 - INFO -    🎯 Profit Probability: 67.9%
2025-08-09 08:53:04,861 - INFO -    📈 Risk-Adjusted Score: 0.62
2025-08-09 08:53:04,861 - INFO -    ⚡ Volatility Regime: LOW
2025-08-09 08:53:04,862 - INFO -    🔧 Technical Confluence: 0.56
2025-08-09 08:53:04,862 - INFO - 🛡️ Profit Guarantee Analysis:
2025-08-09 08:53:04,862 - INFO -    ✅ Guarantee Score: 0.67
2025-08-09 08:53:04,862 - INFO -    📊 Risk/Reward Ratio: 5.1:1
2025-08-09 08:53:04,862 - INFO -    🎯 Expected Profit: 10.2%
2025-08-09 08:53:04,862 - INFO -    ⚠️ Max Risk: 2.0%
2025-08-09 08:53:04,862 - INFO - 🚫 TRADE SKIPPED: Safety thresholds not met
2025-08-09 08:53:04,862 - INFO -    🛡️ Safety protection active
2025-08-09 08:53:04,964 - INFO - 
🔍 TRADE #8: Analyzing UNI/USDT
2025-08-09 08:53:04,964 - INFO - 📊 Market Intelligence:
2025-08-09 08:53:04,964 - INFO -    🎯 Profit Probability: 67.9%
2025-08-09 08:53:04,965 - INFO -    📈 Risk-Adjusted Score: 0.62
2025-08-09 08:53:04,965 - INFO -    ⚡ Volatility Regime: LOW
2025-08-09 08:53:04,965 - INFO -    🔧 Technical Confluence: 0.56
2025-08-09 08:53:04,965 - INFO - 🛡️ Profit Guarantee Analysis:
2025-08-09 08:53:04,965 - INFO -    ✅ Guarantee Score: 0.67
2025-08-09 08:53:04,965 - INFO -    📊 Risk/Reward Ratio: 5.1:1
2025-08-09 08:53:04,965 - INFO -    🎯 Expected Profit: 10.2%
2025-08-09 08:53:04,965 - INFO -    ⚠️ Max Risk: 2.0%
2025-08-09 08:53:04,965 - INFO - 🚫 TRADE SKIPPED: Safety thresholds not met
2025-08-09 08:53:04,965 - INFO -    🛡️ Safety protection active
2025-08-09 08:53:05,066 - INFO - 
🔍 TRADE #9: Analyzing UNI/USDT
2025-08-09 08:53:05,067 - INFO - 📊 Market Intelligence:
2025-08-09 08:53:05,067 - INFO -    🎯 Profit Probability: 67.9%
2025-08-09 08:53:05,067 - INFO -    📈 Risk-Adjusted Score: 0.62
2025-08-09 08:53:05,067 - INFO -    ⚡ Volatility Regime: LOW
2025-08-09 08:53:05,067 - INFO -    🔧 Technical Confluence: 0.56
2025-08-09 08:53:05,067 - INFO - 🛡️ Profit Guarantee Analysis:
2025-08-09 08:53:05,067 - INFO -    ✅ Guarantee Score: 0.67
2025-08-09 08:53:05,067 - INFO -    📊 Risk/Reward Ratio: 5.1:1
2025-08-09 08:53:05,067 - INFO -    🎯 Expected Profit: 10.2%
2025-08-09 08:53:05,067 - INFO -    ⚠️ Max Risk: 2.0%
2025-08-09 08:53:05,068 - INFO - 🚫 TRADE SKIPPED: Safety thresholds not met
2025-08-09 08:53:05,068 - INFO -    🛡️ Safety protection active
2025-08-09 08:53:05,169 - INFO - 
🔍 TRADE #10: Analyzing UNI/USDT
2025-08-09 08:53:05,170 - INFO - 📊 Market Intelligence:
2025-08-09 08:53:05,170 - INFO -    🎯 Profit Probability: 67.9%
2025-08-09 08:53:05,170 - INFO -    📈 Risk-Adjusted Score: 0.62
2025-08-09 08:53:05,170 - INFO -    ⚡ Volatility Regime: LOW
2025-08-09 08:53:05,170 - INFO -    🔧 Technical Confluence: 0.56
2025-08-09 08:53:05,170 - INFO - 🛡️ Profit Guarantee Analysis:
2025-08-09 08:53:05,170 - INFO -    ✅ Guarantee Score: 0.67
2025-08-09 08:53:05,170 - INFO -    📊 Risk/Reward Ratio: 5.1:1
2025-08-09 08:53:05,170 - INFO -    🎯 Expected Profit: 10.2%
2025-08-09 08:53:05,170 - INFO -    ⚠️ Max Risk: 2.0%
2025-08-09 08:53:05,170 - INFO - 🚫 TRADE SKIPPED: Safety thresholds not met
2025-08-09 08:53:05,170 - INFO -    🛡️ Safety protection active
2025-08-09 08:53:05,271 - INFO - 
🔍 TRADE #11: Analyzing UNI/USDT
2025-08-09 08:53:05,272 - INFO - 📊 Market Intelligence:
2025-08-09 08:53:05,272 - INFO -    🎯 Profit Probability: 67.9%
2025-08-09 08:53:05,272 - INFO -    📈 Risk-Adjusted Score: 0.62
2025-08-09 08:53:05,272 - INFO -    ⚡ Volatility Regime: LOW
2025-08-09 08:53:05,272 - INFO -    🔧 Technical Confluence: 0.56
2025-08-09 08:53:05,272 - INFO - 🛡️ Profit Guarantee Analysis:
2025-08-09 08:53:05,272 - INFO -    ✅ Guarantee Score: 0.67
2025-08-09 08:53:05,272 - INFO -    📊 Risk/Reward Ratio: 5.1:1
2025-08-09 08:53:05,272 - INFO -    🎯 Expected Profit: 10.2%
2025-08-09 08:53:05,272 - INFO -    ⚠️ Max Risk: 2.0%
2025-08-09 08:53:05,272 - INFO - 🚫 TRADE SKIPPED: Safety thresholds not met
2025-08-09 08:53:05,272 - INFO -    🛡️ Safety protection active
2025-08-09 08:53:05,374 - INFO - 
🔍 TRADE #12: Analyzing UNI/USDT
2025-08-09 08:53:05,374 - INFO - 📊 Market Intelligence:
2025-08-09 08:53:05,374 - INFO -    🎯 Profit Probability: 67.9%
2025-08-09 08:53:05,374 - INFO -    📈 Risk-Adjusted Score: 0.62
2025-08-09 08:53:05,374 - INFO -    ⚡ Volatility Regime: LOW
2025-08-09 08:53:05,374 - INFO -    🔧 Technical Confluence: 0.56
2025-08-09 08:53:05,374 - INFO - 🛡️ Profit Guarantee Analysis:
2025-08-09 08:53:05,375 - INFO -    ✅ Guarantee Score: 0.67
2025-08-09 08:53:05,375 - INFO -    📊 Risk/Reward Ratio: 5.1:1
2025-08-09 08:53:05,375 - INFO -    🎯 Expected Profit: 10.2%
2025-08-09 08:53:05,375 - INFO -    ⚠️ Max Risk: 2.0%
2025-08-09 08:53:05,375 - INFO - 🚫 TRADE SKIPPED: Safety thresholds not met
2025-08-09 08:53:05,375 - INFO -    🛡️ Safety protection active
2025-08-09 08:53:05,476 - INFO - 
🔍 TRADE #13: Analyzing UNI/USDT
2025-08-09 08:53:05,476 - INFO - 📊 Market Intelligence:
2025-08-09 08:53:05,477 - INFO -    🎯 Profit Probability: 67.9%
2025-08-09 08:53:05,477 - INFO -    📈 Risk-Adjusted Score: 0.62
2025-08-09 08:53:05,477 - INFO -    ⚡ Volatility Regime: LOW
2025-08-09 08:53:05,477 - INFO -    🔧 Technical Confluence: 0.56
2025-08-09 08:53:05,477 - INFO - 🛡️ Profit Guarantee Analysis:
2025-08-09 08:53:05,477 - INFO -    ✅ Guarantee Score: 0.67
2025-08-09 08:53:05,477 - INFO -    📊 Risk/Reward Ratio: 5.1:1
2025-08-09 08:53:05,477 - INFO -    🎯 Expected Profit: 10.2%
2025-08-09 08:53:05,477 - INFO -    ⚠️ Max Risk: 2.0%
2025-08-09 08:53:05,477 - INFO - 🚫 TRADE SKIPPED: Safety thresholds not met
2025-08-09 08:53:05,477 - INFO -    🛡️ Safety protection active
2025-08-09 08:53:05,579 - INFO - 
🔍 TRADE #14: Analyzing UNI/USDT
2025-08-09 08:53:05,579 - INFO - 📊 Market Intelligence:
2025-08-09 08:53:05,579 - INFO -    🎯 Profit Probability: 67.9%
2025-08-09 08:53:05,579 - INFO -    📈 Risk-Adjusted Score: 0.62
2025-08-09 08:53:05,579 - INFO -    ⚡ Volatility Regime: LOW
2025-08-09 08:53:05,579 - INFO -    🔧 Technical Confluence: 0.56
2025-08-09 08:53:05,579 - INFO - 🛡️ Profit Guarantee Analysis:
2025-08-09 08:53:05,579 - INFO -    ✅ Guarantee Score: 0.67
2025-08-09 08:53:05,579 - INFO -    📊 Risk/Reward Ratio: 5.1:1
2025-08-09 08:53:05,579 - INFO -    🎯 Expected Profit: 10.2%
2025-08-09 08:53:05,579 - INFO -    ⚠️ Max Risk: 2.0%
2025-08-09 08:53:05,579 - INFO - 🚫 TRADE SKIPPED: Safety thresholds not met
2025-08-09 08:53:05,579 - INFO -    🛡️ Safety protection active
2025-08-09 08:53:05,681 - INFO - 
🔍 TRADE #15: Analyzing UNI/USDT
2025-08-09 08:53:05,682 - INFO - 📊 Market Intelligence:
2025-08-09 08:53:05,682 - INFO -    🎯 Profit Probability: 67.9%
2025-08-09 08:53:05,682 - INFO -    📈 Risk-Adjusted Score: 0.62
2025-08-09 08:53:05,682 - INFO -    ⚡ Volatility Regime: LOW
2025-08-09 08:53:05,682 - INFO -    🔧 Technical Confluence: 0.56
2025-08-09 08:53:05,682 - INFO - 🛡️ Profit Guarantee Analysis:
2025-08-09 08:53:05,682 - INFO -    ✅ Guarantee Score: 0.67
2025-08-09 08:53:05,682 - INFO -    📊 Risk/Reward Ratio: 5.1:1
2025-08-09 08:53:05,682 - INFO -    🎯 Expected Profit: 10.2%
2025-08-09 08:53:05,682 - INFO -    ⚠️ Max Risk: 2.0%
2025-08-09 08:53:05,682 - INFO - 🚫 TRADE SKIPPED: Safety thresholds not met
2025-08-09 08:53:05,682 - INFO -    🛡️ Safety protection active
2025-08-09 08:53:05,784 - INFO - 
🔍 TRADE #16: Analyzing UNI/USDT
2025-08-09 08:53:05,785 - INFO - 📊 Market Intelligence:
2025-08-09 08:53:05,785 - INFO -    🎯 Profit Probability: 67.9%
2025-08-09 08:53:05,785 - INFO -    📈 Risk-Adjusted Score: 0.62
2025-08-09 08:53:05,785 - INFO -    ⚡ Volatility Regime: LOW
2025-08-09 08:53:05,785 - INFO -    🔧 Technical Confluence: 0.56
2025-08-09 08:53:05,785 - INFO - 🛡️ Profit Guarantee Analysis:
2025-08-09 08:53:05,785 - INFO -    ✅ Guarantee Score: 0.67
2025-08-09 08:53:05,785 - INFO -    📊 Risk/Reward Ratio: 5.1:1
2025-08-09 08:53:05,785 - INFO -    🎯 Expected Profit: 10.2%
2025-08-09 08:53:05,785 - INFO -    ⚠️ Max Risk: 2.0%
2025-08-09 08:53:05,785 - INFO - 🚫 TRADE SKIPPED: Safety thresholds not met
2025-08-09 08:53:05,785 - INFO -    🛡️ Safety protection active
2025-08-09 08:53:05,887 - INFO - 
🔍 TRADE #17: Analyzing UNI/USDT
2025-08-09 08:53:05,887 - INFO - 📊 Market Intelligence:
2025-08-09 08:53:05,887 - INFO -    🎯 Profit Probability: 67.9%
2025-08-09 08:53:05,888 - INFO -    📈 Risk-Adjusted Score: 0.62
2025-08-09 08:53:05,888 - INFO -    ⚡ Volatility Regime: LOW
2025-08-09 08:53:05,888 - INFO -    🔧 Technical Confluence: 0.56
2025-08-09 08:53:05,888 - INFO - 🛡️ Profit Guarantee Analysis:
2025-08-09 08:53:05,888 - INFO -    ✅ Guarantee Score: 0.67
2025-08-09 08:53:05,888 - INFO -    📊 Risk/Reward Ratio: 5.1:1
2025-08-09 08:53:05,888 - INFO -    🎯 Expected Profit: 10.2%
2025-08-09 08:53:05,888 - INFO -    ⚠️ Max Risk: 2.0%
2025-08-09 08:53:05,888 - INFO - 🚫 TRADE SKIPPED: Safety thresholds not met
2025-08-09 08:53:05,888 - INFO -    🛡️ Safety protection active
2025-08-09 08:53:05,990 - INFO - 
🔍 TRADE #18: Analyzing UNI/USDT
2025-08-09 08:53:05,990 - INFO - 📊 Market Intelligence:
2025-08-09 08:53:05,990 - INFO -    🎯 Profit Probability: 67.9%
2025-08-09 08:53:05,990 - INFO -    📈 Risk-Adjusted Score: 0.62
2025-08-09 08:53:05,990 - INFO -    ⚡ Volatility Regime: LOW
2025-08-09 08:53:05,990 - INFO -    🔧 Technical Confluence: 0.56
2025-08-09 08:53:05,990 - INFO - 🛡️ Profit Guarantee Analysis:
2025-08-09 08:53:05,990 - INFO -    ✅ Guarantee Score: 0.67
2025-08-09 08:53:05,990 - INFO -    📊 Risk/Reward Ratio: 5.1:1
2025-08-09 08:53:05,991 - INFO -    🎯 Expected Profit: 10.2%
2025-08-09 08:53:05,991 - INFO -    ⚠️ Max Risk: 2.0%
2025-08-09 08:53:05,991 - INFO - 🚫 TRADE SKIPPED: Safety thresholds not met
2025-08-09 08:53:05,991 - INFO -    🛡️ Safety protection active
2025-08-09 08:53:06,092 - INFO - 
🔍 TRADE #19: Analyzing UNI/USDT
2025-08-09 08:53:06,093 - INFO - 📊 Market Intelligence:
2025-08-09 08:53:06,093 - INFO -    🎯 Profit Probability: 67.9%
2025-08-09 08:53:06,093 - INFO -    📈 Risk-Adjusted Score: 0.62
2025-08-09 08:53:06,093 - INFO -    ⚡ Volatility Regime: LOW
2025-08-09 08:53:06,093 - INFO -    🔧 Technical Confluence: 0.56
2025-08-09 08:53:06,093 - INFO - 🛡️ Profit Guarantee Analysis:
2025-08-09 08:53:06,093 - INFO -    ✅ Guarantee Score: 0.67
2025-08-09 08:53:06,093 - INFO -    📊 Risk/Reward Ratio: 5.1:1
2025-08-09 08:53:06,093 - INFO -    🎯 Expected Profit: 10.2%
2025-08-09 08:53:06,093 - INFO -    ⚠️ Max Risk: 2.0%
2025-08-09 08:53:06,093 - INFO - 🚫 TRADE SKIPPED: Safety thresholds not met
2025-08-09 08:53:06,093 - INFO -    🛡️ Safety protection active
2025-08-09 08:53:06,195 - INFO - 
🔍 TRADE #20: Analyzing UNI/USDT
2025-08-09 08:53:06,195 - INFO - 📊 Market Intelligence:
2025-08-09 08:53:06,195 - INFO -    🎯 Profit Probability: 67.9%
2025-08-09 08:53:06,196 - INFO -    📈 Risk-Adjusted Score: 0.62
2025-08-09 08:53:06,196 - INFO -    ⚡ Volatility Regime: LOW
2025-08-09 08:53:06,196 - INFO -    🔧 Technical Confluence: 0.56
2025-08-09 08:53:06,196 - INFO - 🛡️ Profit Guarantee Analysis:
2025-08-09 08:53:06,196 - INFO -    ✅ Guarantee Score: 0.67
2025-08-09 08:53:06,196 - INFO -    📊 Risk/Reward Ratio: 5.1:1
2025-08-09 08:53:06,196 - INFO -    🎯 Expected Profit: 10.2%
2025-08-09 08:53:06,196 - INFO -    ⚠️ Max Risk: 2.0%
2025-08-09 08:53:06,196 - INFO - 🚫 TRADE SKIPPED: Safety thresholds not met
2025-08-09 08:53:06,196 - INFO -    🛡️ Safety protection active
2025-08-09 08:53:06,298 - INFO - 
🔍 TRADE #21: Analyzing UNI/USDT
2025-08-09 08:53:06,298 - INFO - 📊 Market Intelligence:
2025-08-09 08:53:06,298 - INFO -    🎯 Profit Probability: 67.9%
2025-08-09 08:53:06,298 - INFO -    📈 Risk-Adjusted Score: 0.62
2025-08-09 08:53:06,298 - INFO -    ⚡ Volatility Regime: LOW
2025-08-09 08:53:06,298 - INFO -    🔧 Technical Confluence: 0.56
2025-08-09 08:53:06,299 - INFO - 🛡️ Profit Guarantee Analysis:
2025-08-09 08:53:06,299 - INFO -    ✅ Guarantee Score: 0.67
2025-08-09 08:53:06,299 - INFO -    📊 Risk/Reward Ratio: 5.1:1
2025-08-09 08:53:06,299 - INFO -    🎯 Expected Profit: 10.2%
2025-08-09 08:53:06,299 - INFO -    ⚠️ Max Risk: 2.0%
2025-08-09 08:53:06,299 - INFO - 🚫 TRADE SKIPPED: Safety thresholds not met
2025-08-09 08:53:06,299 - INFO -    🛡️ Safety protection active
2025-08-09 08:53:06,400 - INFO - 
🔍 TRADE #22: Analyzing UNI/USDT
2025-08-09 08:53:06,401 - INFO - 📊 Market Intelligence:
2025-08-09 08:53:06,401 - INFO -    🎯 Profit Probability: 67.9%
2025-08-09 08:53:06,401 - INFO -    📈 Risk-Adjusted Score: 0.62
2025-08-09 08:53:06,401 - INFO -    ⚡ Volatility Regime: LOW
2025-08-09 08:53:06,401 - INFO -    🔧 Technical Confluence: 0.56
2025-08-09 08:53:06,401 - INFO - 🛡️ Profit Guarantee Analysis:
2025-08-09 08:53:06,401 - INFO -    ✅ Guarantee Score: 0.67
2025-08-09 08:53:06,401 - INFO -    📊 Risk/Reward Ratio: 5.1:1
2025-08-09 08:53:06,401 - INFO -    🎯 Expected Profit: 10.2%
2025-08-09 08:53:06,401 - INFO -    ⚠️ Max Risk: 2.0%
2025-08-09 08:53:06,401 - INFO - 🚫 TRADE SKIPPED: Safety thresholds not met
2025-08-09 08:53:06,401 - INFO -    🛡️ Safety protection active
2025-08-09 08:53:06,502 - INFO - 
🔍 TRADE #23: Analyzing UNI/USDT
2025-08-09 08:53:06,503 - INFO - 📊 Market Intelligence:
2025-08-09 08:53:06,503 - INFO -    🎯 Profit Probability: 67.9%
2025-08-09 08:53:06,503 - INFO -    📈 Risk-Adjusted Score: 0.62
2025-08-09 08:53:06,503 - INFO -    ⚡ Volatility Regime: LOW
2025-08-09 08:53:06,503 - INFO -    🔧 Technical Confluence: 0.56
2025-08-09 08:53:06,504 - INFO - 🛡️ Profit Guarantee Analysis:
2025-08-09 08:53:06,504 - INFO -    ✅ Guarantee Score: 0.67
2025-08-09 08:53:06,504 - INFO -    📊 Risk/Reward Ratio: 5.1:1
2025-08-09 08:53:06,504 - INFO -    🎯 Expected Profit: 10.2%
2025-08-09 08:53:06,504 - INFO -    ⚠️ Max Risk: 2.0%
2025-08-09 08:53:06,504 - INFO - 🚫 TRADE SKIPPED: Safety thresholds not met
2025-08-09 08:53:06,504 - INFO -    🛡️ Safety protection active
2025-08-09 08:53:06,606 - INFO - 
🔍 TRADE #24: Analyzing UNI/USDT
2025-08-09 08:53:06,606 - INFO - 📊 Market Intelligence:
2025-08-09 08:53:06,607 - INFO -    🎯 Profit Probability: 67.9%
2025-08-09 08:53:06,607 - INFO -    📈 Risk-Adjusted Score: 0.62
2025-08-09 08:53:06,607 - INFO -    ⚡ Volatility Regime: LOW
2025-08-09 08:53:06,607 - INFO -    🔧 Technical Confluence: 0.56
2025-08-09 08:53:06,607 - INFO - 🛡️ Profit Guarantee Analysis:
2025-08-09 08:53:06,607 - INFO -    ✅ Guarantee Score: 0.67
2025-08-09 08:53:06,607 - INFO -    📊 Risk/Reward Ratio: 5.1:1
2025-08-09 08:53:06,608 - INFO -    🎯 Expected Profit: 10.2%
2025-08-09 08:53:06,608 - INFO -    ⚠️ Max Risk: 2.0%
2025-08-09 08:53:06,608 - INFO - 🚫 TRADE SKIPPED: Safety thresholds not met
2025-08-09 08:53:06,608 - INFO -    🛡️ Safety protection active
2025-08-09 08:53:06,710 - INFO - 
🔍 TRADE #25: Analyzing UNI/USDT
2025-08-09 08:53:06,711 - INFO - 📊 Market Intelligence:
2025-08-09 08:53:06,711 - INFO -    🎯 Profit Probability: 67.9%
2025-08-09 08:53:06,711 - INFO -    📈 Risk-Adjusted Score: 0.62
2025-08-09 08:53:06,712 - INFO -    ⚡ Volatility Regime: LOW
2025-08-09 08:53:06,712 - INFO -    🔧 Technical Confluence: 0.56
2025-08-09 08:53:06,712 - INFO - 🛡️ Profit Guarantee Analysis:
2025-08-09 08:53:06,712 - INFO -    ✅ Guarantee Score: 0.67
2025-08-09 08:53:06,712 - INFO -    📊 Risk/Reward Ratio: 5.1:1
2025-08-09 08:53:06,712 - INFO -    🎯 Expected Profit: 10.2%
2025-08-09 08:53:06,712 - INFO -    ⚠️ Max Risk: 2.0%
2025-08-09 08:53:06,712 - INFO - 🚫 TRADE SKIPPED: Safety thresholds not met
2025-08-09 08:53:06,712 - INFO -    🛡️ Safety protection active
2025-08-09 08:53:06,814 - INFO - 
🔍 TRADE #26: Analyzing UNI/USDT
2025-08-09 08:53:06,814 - INFO - 📊 Market Intelligence:
2025-08-09 08:53:06,814 - INFO -    🎯 Profit Probability: 67.9%
2025-08-09 08:53:06,814 - INFO -    📈 Risk-Adjusted Score: 0.62
2025-08-09 08:53:06,814 - INFO -    ⚡ Volatility Regime: LOW
2025-08-09 08:53:06,814 - INFO -    🔧 Technical Confluence: 0.56
2025-08-09 08:53:06,814 - INFO - 🛡️ Profit Guarantee Analysis:
2025-08-09 08:53:06,814 - INFO -    ✅ Guarantee Score: 0.67
2025-08-09 08:53:06,814 - INFO -    📊 Risk/Reward Ratio: 5.1:1
2025-08-09 08:53:06,815 - INFO -    🎯 Expected Profit: 10.2%
2025-08-09 08:53:06,815 - INFO -    ⚠️ Max Risk: 2.0%
2025-08-09 08:53:06,815 - INFO - 🚫 TRADE SKIPPED: Safety thresholds not met
2025-08-09 08:53:06,815 - INFO -    🛡️ Safety protection active
2025-08-09 08:53:06,916 - INFO - 
🔍 TRADE #27: Analyzing UNI/USDT
2025-08-09 08:53:06,917 - INFO - 📊 Market Intelligence:
2025-08-09 08:53:06,917 - INFO -    🎯 Profit Probability: 67.9%
2025-08-09 08:53:06,917 - INFO -    📈 Risk-Adjusted Score: 0.62
2025-08-09 08:53:06,917 - INFO -    ⚡ Volatility Regime: LOW
2025-08-09 08:53:06,917 - INFO -    🔧 Technical Confluence: 0.56
2025-08-09 08:53:06,917 - INFO - 🛡️ Profit Guarantee Analysis:
2025-08-09 08:53:06,917 - INFO -    ✅ Guarantee Score: 0.67
2025-08-09 08:53:06,917 - INFO -    📊 Risk/Reward Ratio: 5.1:1
2025-08-09 08:53:06,917 - INFO -    🎯 Expected Profit: 10.2%
2025-08-09 08:53:06,917 - INFO -    ⚠️ Max Risk: 2.0%
2025-08-09 08:53:06,917 - INFO - 🚫 TRADE SKIPPED: Safety thresholds not met
2025-08-09 08:53:06,917 - INFO -    🛡️ Safety protection active
2025-08-09 08:53:07,019 - INFO - 
🔍 TRADE #28: Analyzing UNI/USDT
2025-08-09 08:53:07,019 - INFO - 📊 Market Intelligence:
2025-08-09 08:53:07,019 - INFO -    🎯 Profit Probability: 67.9%
2025-08-09 08:53:07,019 - INFO -    📈 Risk-Adjusted Score: 0.62
2025-08-09 08:53:07,019 - INFO -    ⚡ Volatility Regime: LOW
2025-08-09 08:53:07,019 - INFO -    🔧 Technical Confluence: 0.56
2025-08-09 08:53:07,020 - INFO - 🛡️ Profit Guarantee Analysis:
2025-08-09 08:53:07,020 - INFO -    ✅ Guarantee Score: 0.67
2025-08-09 08:53:07,020 - INFO -    📊 Risk/Reward Ratio: 5.1:1
2025-08-09 08:53:07,020 - INFO -    🎯 Expected Profit: 10.2%
2025-08-09 08:53:07,020 - INFO -    ⚠️ Max Risk: 2.0%
2025-08-09 08:53:07,020 - INFO - 🚫 TRADE SKIPPED: Safety thresholds not met
2025-08-09 08:53:07,020 - INFO -    🛡️ Safety protection active
2025-08-09 08:53:07,122 - INFO - 
🔍 TRADE #29: Analyzing UNI/USDT
2025-08-09 08:53:07,124 - INFO - 📊 Market Intelligence:
2025-08-09 08:53:07,124 - INFO -    🎯 Profit Probability: 67.9%
2025-08-09 08:53:07,124 - INFO -    📈 Risk-Adjusted Score: 0.62
2025-08-09 08:53:07,125 - INFO -    ⚡ Volatility Regime: LOW
2025-08-09 08:53:07,125 - INFO -    🔧 Technical Confluence: 0.56
2025-08-09 08:53:07,125 - INFO - 🛡️ Profit Guarantee Analysis:
2025-08-09 08:53:07,125 - INFO -    ✅ Guarantee Score: 0.67
2025-08-09 08:53:07,125 - INFO -    📊 Risk/Reward Ratio: 5.1:1
2025-08-09 08:53:07,125 - INFO -    🎯 Expected Profit: 10.2%
2025-08-09 08:53:07,125 - INFO -    ⚠️ Max Risk: 2.0%
2025-08-09 08:53:07,125 - INFO - 🚫 TRADE SKIPPED: Safety thresholds not met
2025-08-09 08:53:07,125 - INFO -    🛡️ Safety protection active
2025-08-09 08:53:07,227 - INFO - 
🔍 TRADE #30: Analyzing UNI/USDT
2025-08-09 08:53:07,228 - INFO - 📊 Market Intelligence:
2025-08-09 08:53:07,228 - INFO -    🎯 Profit Probability: 67.9%
2025-08-09 08:53:07,228 - INFO -    📈 Risk-Adjusted Score: 0.62
2025-08-09 08:53:07,228 - INFO -    ⚡ Volatility Regime: LOW
2025-08-09 08:53:07,228 - INFO -    🔧 Technical Confluence: 0.56
2025-08-09 08:53:07,228 - INFO - 🛡️ Profit Guarantee Analysis:
2025-08-09 08:53:07,228 - INFO -    ✅ Guarantee Score: 0.67
2025-08-09 08:53:07,229 - INFO -    📊 Risk/Reward Ratio: 5.1:1
2025-08-09 08:53:07,229 - INFO -    🎯 Expected Profit: 10.2%
2025-08-09 08:53:07,229 - INFO -    ⚠️ Max Risk: 2.0%
2025-08-09 08:53:07,229 - INFO - 🚫 TRADE SKIPPED: Safety thresholds not met
2025-08-09 08:53:07,229 - INFO -    🛡️ Safety protection active
2025-08-09 08:53:07,331 - INFO - 
🔍 TRADE #31: Analyzing UNI/USDT
2025-08-09 08:53:07,331 - INFO - 📊 Market Intelligence:
2025-08-09 08:53:07,331 - INFO -    🎯 Profit Probability: 67.9%
2025-08-09 08:53:07,331 - INFO -    📈 Risk-Adjusted Score: 0.62
2025-08-09 08:53:07,331 - INFO -    ⚡ Volatility Regime: LOW
2025-08-09 08:53:07,331 - INFO -    🔧 Technical Confluence: 0.56
2025-08-09 08:53:07,331 - INFO - 🛡️ Profit Guarantee Analysis:
2025-08-09 08:53:07,331 - INFO -    ✅ Guarantee Score: 0.67
2025-08-09 08:53:07,332 - INFO -    📊 Risk/Reward Ratio: 5.1:1
2025-08-09 08:53:07,332 - INFO -    🎯 Expected Profit: 10.2%
2025-08-09 08:53:07,332 - INFO -    ⚠️ Max Risk: 2.0%
2025-08-09 08:53:07,332 - INFO - 🚫 TRADE SKIPPED: Safety thresholds not met
2025-08-09 08:53:07,332 - INFO -    🛡️ Safety protection active
2025-08-09 08:53:07,433 - INFO - 
🔍 TRADE #32: Analyzing UNI/USDT
2025-08-09 08:53:07,434 - INFO - 📊 Market Intelligence:
2025-08-09 08:53:07,434 - INFO -    🎯 Profit Probability: 67.9%
2025-08-09 08:53:07,434 - INFO -    📈 Risk-Adjusted Score: 0.62
2025-08-09 08:53:07,434 - INFO -    ⚡ Volatility Regime: LOW
2025-08-09 08:53:07,434 - INFO -    🔧 Technical Confluence: 0.56
2025-08-09 08:53:07,434 - INFO - 🛡️ Profit Guarantee Analysis:
2025-08-09 08:53:07,434 - INFO -    ✅ Guarantee Score: 0.67
2025-08-09 08:53:07,434 - INFO -    📊 Risk/Reward Ratio: 5.1:1
2025-08-09 08:53:07,434 - INFO -    🎯 Expected Profit: 10.2%
2025-08-09 08:53:07,434 - INFO -    ⚠️ Max Risk: 2.0%
2025-08-09 08:53:07,434 - INFO - 🚫 TRADE SKIPPED: Safety thresholds not met
2025-08-09 08:53:07,434 - INFO -    🛡️ Safety protection active
2025-08-09 08:53:07,536 - INFO - 
🔍 TRADE #33: Analyzing UNI/USDT
2025-08-09 08:53:07,538 - INFO - 📊 Market Intelligence:
2025-08-09 08:53:07,538 - INFO -    🎯 Profit Probability: 67.9%
2025-08-09 08:53:07,538 - INFO -    📈 Risk-Adjusted Score: 0.62
2025-08-09 08:53:07,538 - INFO -    ⚡ Volatility Regime: LOW
2025-08-09 08:53:07,538 - INFO -    🔧 Technical Confluence: 0.56
2025-08-09 08:53:07,538 - INFO - 🛡️ Profit Guarantee Analysis:
2025-08-09 08:53:07,539 - INFO -    ✅ Guarantee Score: 0.67
2025-08-09 08:53:07,539 - INFO -    📊 Risk/Reward Ratio: 5.1:1
2025-08-09 08:53:07,539 - INFO -    🎯 Expected Profit: 10.2%
2025-08-09 08:53:07,539 - INFO -    ⚠️ Max Risk: 2.0%
2025-08-09 08:53:07,539 - INFO - 🚫 TRADE SKIPPED: Safety thresholds not met
2025-08-09 08:53:07,539 - INFO -    🛡️ Safety protection active
2025-08-09 08:53:07,641 - INFO - 
🔍 TRADE #34: Analyzing UNI/USDT
2025-08-09 08:53:07,642 - INFO - 📊 Market Intelligence:
2025-08-09 08:53:07,642 - INFO -    🎯 Profit Probability: 67.9%
2025-08-09 08:53:07,642 - INFO -    📈 Risk-Adjusted Score: 0.62
2025-08-09 08:53:07,643 - INFO -    ⚡ Volatility Regime: LOW
2025-08-09 08:53:07,643 - INFO -    🔧 Technical Confluence: 0.56
2025-08-09 08:53:07,643 - INFO - 🛡️ Profit Guarantee Analysis:
2025-08-09 08:53:07,643 - INFO -    ✅ Guarantee Score: 0.67
2025-08-09 08:53:07,643 - INFO -    📊 Risk/Reward Ratio: 5.1:1
2025-08-09 08:53:07,643 - INFO -    🎯 Expected Profit: 10.2%
2025-08-09 08:53:07,643 - INFO -    ⚠️ Max Risk: 2.0%
2025-08-09 08:53:07,643 - INFO - 🚫 TRADE SKIPPED: Safety thresholds not met
2025-08-09 08:53:07,643 - INFO -    🛡️ Safety protection active
2025-08-09 08:53:07,746 - INFO - 
🔍 TRADE #35: Analyzing UNI/USDT
2025-08-09 08:53:07,747 - INFO - 📊 Market Intelligence:
2025-08-09 08:53:07,747 - INFO -    🎯 Profit Probability: 67.9%
2025-08-09 08:53:07,747 - INFO -    📈 Risk-Adjusted Score: 0.62
2025-08-09 08:53:07,747 - INFO -    ⚡ Volatility Regime: LOW
2025-08-09 08:53:07,747 - INFO -    🔧 Technical Confluence: 0.56
2025-08-09 08:53:07,748 - INFO - 🛡️ Profit Guarantee Analysis:
2025-08-09 08:53:07,748 - INFO -    ✅ Guarantee Score: 0.67
2025-08-09 08:53:07,748 - INFO -    📊 Risk/Reward Ratio: 5.1:1
2025-08-09 08:53:07,748 - INFO -    🎯 Expected Profit: 10.2%
2025-08-09 08:53:07,748 - INFO -    ⚠️ Max Risk: 2.0%
2025-08-09 08:53:07,748 - INFO - 🚫 TRADE SKIPPED: Safety thresholds not met
2025-08-09 08:53:07,748 - INFO -    🛡️ Safety protection active
2025-08-09 08:53:07,849 - INFO - 
🔍 TRADE #36: Analyzing UNI/USDT
2025-08-09 08:53:07,850 - INFO - 📊 Market Intelligence:
2025-08-09 08:53:07,850 - INFO -    🎯 Profit Probability: 67.9%
2025-08-09 08:53:07,850 - INFO -    📈 Risk-Adjusted Score: 0.62
2025-08-09 08:53:07,850 - INFO -    ⚡ Volatility Regime: LOW
2025-08-09 08:53:07,850 - INFO -    🔧 Technical Confluence: 0.56
2025-08-09 08:53:07,850 - INFO - 🛡️ Profit Guarantee Analysis:
2025-08-09 08:53:07,850 - INFO -    ✅ Guarantee Score: 0.67
2025-08-09 08:53:07,851 - INFO -    📊 Risk/Reward Ratio: 5.1:1
2025-08-09 08:53:07,851 - INFO -    🎯 Expected Profit: 10.2%
2025-08-09 08:53:07,851 - INFO -    ⚠️ Max Risk: 2.0%
2025-08-09 08:53:07,851 - INFO - 🚫 TRADE SKIPPED: Safety thresholds not met
2025-08-09 08:53:07,851 - INFO -    🛡️ Safety protection active
2025-08-09 08:53:07,953 - INFO - 
🔍 TRADE #37: Analyzing UNI/USDT
2025-08-09 08:53:07,954 - INFO - 📊 Market Intelligence:
2025-08-09 08:53:07,955 - INFO -    🎯 Profit Probability: 67.9%
2025-08-09 08:53:07,955 - INFO -    📈 Risk-Adjusted Score: 0.62
2025-08-09 08:53:07,955 - INFO -    ⚡ Volatility Regime: LOW
2025-08-09 08:53:07,955 - INFO -    🔧 Technical Confluence: 0.56
2025-08-09 08:53:07,955 - INFO - 🛡️ Profit Guarantee Analysis:
2025-08-09 08:53:07,955 - INFO -    ✅ Guarantee Score: 0.67
2025-08-09 08:53:07,955 - INFO -    📊 Risk/Reward Ratio: 5.1:1
2025-08-09 08:53:07,956 - INFO -    🎯 Expected Profit: 10.2%
2025-08-09 08:53:07,956 - INFO -    ⚠️ Max Risk: 2.0%
2025-08-09 08:53:07,956 - INFO - 🚫 TRADE SKIPPED: Safety thresholds not met
2025-08-09 08:53:07,956 - INFO -    🛡️ Safety protection active
2025-08-09 08:53:08,058 - INFO - 
🔍 TRADE #38: Analyzing UNI/USDT
2025-08-09 08:53:08,058 - INFO - 📊 Market Intelligence:
2025-08-09 08:53:08,058 - INFO -    🎯 Profit Probability: 67.9%
2025-08-09 08:53:08,058 - INFO -    📈 Risk-Adjusted Score: 0.62
2025-08-09 08:53:08,058 - INFO -    ⚡ Volatility Regime: LOW
2025-08-09 08:53:08,058 - INFO -    🔧 Technical Confluence: 0.56
2025-08-09 08:53:08,058 - INFO - 🛡️ Profit Guarantee Analysis:
2025-08-09 08:53:08,058 - INFO -    ✅ Guarantee Score: 0.67
2025-08-09 08:53:08,058 - INFO -    📊 Risk/Reward Ratio: 5.1:1
2025-08-09 08:53:08,058 - INFO -    🎯 Expected Profit: 10.2%
2025-08-09 08:53:08,058 - INFO -    ⚠️ Max Risk: 2.0%
2025-08-09 08:53:08,058 - INFO - 🚫 TRADE SKIPPED: Safety thresholds not met
2025-08-09 08:53:08,058 - INFO -    🛡️ Safety protection active
2025-08-09 08:53:08,161 - INFO - 
🔍 TRADE #39: Analyzing UNI/USDT
2025-08-09 08:53:08,162 - INFO - 📊 Market Intelligence:
2025-08-09 08:53:08,162 - INFO -    🎯 Profit Probability: 67.9%
2025-08-09 08:53:08,162 - INFO -    📈 Risk-Adjusted Score: 0.62
2025-08-09 08:53:08,162 - INFO -    ⚡ Volatility Regime: LOW
2025-08-09 08:53:08,162 - INFO -    🔧 Technical Confluence: 0.56
2025-08-09 08:53:08,163 - INFO - 🛡️ Profit Guarantee Analysis:
2025-08-09 08:53:08,163 - INFO -    ✅ Guarantee Score: 0.67
2025-08-09 08:53:08,163 - INFO -    📊 Risk/Reward Ratio: 5.1:1
2025-08-09 08:53:08,163 - INFO -    🎯 Expected Profit: 10.2%
2025-08-09 08:53:08,163 - INFO -    ⚠️ Max Risk: 2.0%
2025-08-09 08:53:08,163 - INFO - 🚫 TRADE SKIPPED: Safety thresholds not met
2025-08-09 08:53:08,163 - INFO -    🛡️ Safety protection active
2025-08-09 08:53:08,266 - INFO - 
🔍 TRADE #40: Analyzing UNI/USDT
2025-08-09 08:53:08,267 - INFO - 📊 Market Intelligence:
2025-08-09 08:53:08,267 - INFO -    🎯 Profit Probability: 67.9%
2025-08-09 08:53:08,267 - INFO -    📈 Risk-Adjusted Score: 0.62
2025-08-09 08:53:08,267 - INFO -    ⚡ Volatility Regime: LOW
2025-08-09 08:53:08,267 - INFO -    🔧 Technical Confluence: 0.56
2025-08-09 08:53:08,267 - INFO - 🛡️ Profit Guarantee Analysis:
2025-08-09 08:53:08,268 - INFO -    ✅ Guarantee Score: 0.67
2025-08-09 08:53:08,268 - INFO -    📊 Risk/Reward Ratio: 5.1:1
2025-08-09 08:53:08,268 - INFO -    🎯 Expected Profit: 10.2%
2025-08-09 08:53:08,268 - INFO -    ⚠️ Max Risk: 2.0%
2025-08-09 08:53:08,268 - INFO - 🚫 TRADE SKIPPED: Safety thresholds not met
2025-08-09 08:53:08,268 - INFO -    🛡️ Safety protection active
2025-08-09 08:53:08,370 - INFO - 
🔍 TRADE #41: Analyzing UNI/USDT
2025-08-09 08:53:08,370 - INFO - 📊 Market Intelligence:
2025-08-09 08:53:08,370 - INFO -    🎯 Profit Probability: 67.9%
2025-08-09 08:53:08,370 - INFO -    📈 Risk-Adjusted Score: 0.62
2025-08-09 08:53:08,370 - INFO -    ⚡ Volatility Regime: LOW
2025-08-09 08:53:08,370 - INFO -    🔧 Technical Confluence: 0.56
2025-08-09 08:53:08,370 - INFO - 🛡️ Profit Guarantee Analysis:
2025-08-09 08:53:08,371 - INFO -    ✅ Guarantee Score: 0.67
2025-08-09 08:53:08,371 - INFO -    📊 Risk/Reward Ratio: 5.1:1
2025-08-09 08:53:08,371 - INFO -    🎯 Expected Profit: 10.2%
2025-08-09 08:53:08,371 - INFO -    ⚠️ Max Risk: 2.0%
2025-08-09 08:53:08,371 - INFO - 🚫 TRADE SKIPPED: Safety thresholds not met
2025-08-09 08:53:08,371 - INFO -    🛡️ Safety protection active
2025-08-09 08:53:08,474 - INFO - 
🔍 TRADE #42: Analyzing UNI/USDT
2025-08-09 08:53:08,475 - INFO - 📊 Market Intelligence:
2025-08-09 08:53:08,475 - INFO -    🎯 Profit Probability: 67.9%
2025-08-09 08:53:08,475 - INFO -    📈 Risk-Adjusted Score: 0.62
2025-08-09 08:53:08,475 - INFO -    ⚡ Volatility Regime: LOW
2025-08-09 08:53:08,475 - INFO -    🔧 Technical Confluence: 0.56
2025-08-09 08:53:08,476 - INFO - 🛡️ Profit Guarantee Analysis:
2025-08-09 08:53:08,476 - INFO -    ✅ Guarantee Score: 0.67
2025-08-09 08:53:08,476 - INFO -    📊 Risk/Reward Ratio: 5.1:1
2025-08-09 08:53:08,476 - INFO -    🎯 Expected Profit: 10.2%
2025-08-09 08:53:08,476 - INFO -    ⚠️ Max Risk: 2.0%
2025-08-09 08:53:08,476 - INFO - 🚫 TRADE SKIPPED: Safety thresholds not met
2025-08-09 08:53:08,476 - INFO -    🛡️ Safety protection active
2025-08-09 08:53:08,578 - INFO - 
🔍 TRADE #43: Analyzing UNI/USDT
2025-08-09 08:53:08,580 - INFO - 📊 Market Intelligence:
2025-08-09 08:53:08,580 - INFO -    🎯 Profit Probability: 67.9%
2025-08-09 08:53:08,580 - INFO -    📈 Risk-Adjusted Score: 0.62
2025-08-09 08:53:08,580 - INFO -    ⚡ Volatility Regime: LOW
2025-08-09 08:53:08,580 - INFO -    🔧 Technical Confluence: 0.56
2025-08-09 08:53:08,581 - INFO - 🛡️ Profit Guarantee Analysis:
2025-08-09 08:53:08,581 - INFO -    ✅ Guarantee Score: 0.67
2025-08-09 08:53:08,582 - INFO -    📊 Risk/Reward Ratio: 5.1:1
2025-08-09 08:53:08,582 - INFO -    🎯 Expected Profit: 10.2%
2025-08-09 08:53:08,582 - INFO -    ⚠️ Max Risk: 2.0%
2025-08-09 08:53:08,582 - INFO - 🚫 TRADE SKIPPED: Safety thresholds not met
2025-08-09 08:53:08,582 - INFO -    🛡️ Safety protection active
2025-08-09 08:53:08,684 - INFO - 
🔍 TRADE #44: Analyzing UNI/USDT
2025-08-09 08:53:08,685 - INFO - 📊 Market Intelligence:
2025-08-09 08:53:08,686 - INFO -    🎯 Profit Probability: 67.9%
2025-08-09 08:53:08,686 - INFO -    📈 Risk-Adjusted Score: 0.62
2025-08-09 08:53:08,686 - INFO -    ⚡ Volatility Regime: LOW
2025-08-09 08:53:08,686 - INFO -    🔧 Technical Confluence: 0.56
2025-08-09 08:53:08,686 - INFO - 🛡️ Profit Guarantee Analysis:
2025-08-09 08:53:08,687 - INFO -    ✅ Guarantee Score: 0.67
2025-08-09 08:53:08,687 - INFO -    📊 Risk/Reward Ratio: 5.1:1
2025-08-09 08:53:08,687 - INFO -    🎯 Expected Profit: 10.2%
2025-08-09 08:53:08,687 - INFO -    ⚠️ Max Risk: 2.0%
2025-08-09 08:53:08,687 - INFO - 🚫 TRADE SKIPPED: Safety thresholds not met
2025-08-09 08:53:08,687 - INFO -    🛡️ Safety protection active
2025-08-09 08:53:08,790 - INFO - 
🔍 TRADE #45: Analyzing UNI/USDT
2025-08-09 08:53:08,791 - INFO - 📊 Market Intelligence:
2025-08-09 08:53:08,791 - INFO -    🎯 Profit Probability: 67.9%
2025-08-09 08:53:08,791 - INFO -    📈 Risk-Adjusted Score: 0.62
2025-08-09 08:53:08,791 - INFO -    ⚡ Volatility Regime: LOW
2025-08-09 08:53:08,792 - INFO -    🔧 Technical Confluence: 0.56
2025-08-09 08:53:08,792 - INFO - 🛡️ Profit Guarantee Analysis:
2025-08-09 08:53:08,792 - INFO -    ✅ Guarantee Score: 0.67
2025-08-09 08:53:08,792 - INFO -    📊 Risk/Reward Ratio: 5.1:1
2025-08-09 08:53:08,792 - INFO -    🎯 Expected Profit: 10.2%
2025-08-09 08:53:08,792 - INFO -    ⚠️ Max Risk: 2.0%
2025-08-09 08:53:08,792 - INFO - 🚫 TRADE SKIPPED: Safety thresholds not met
2025-08-09 08:53:08,792 - INFO -    🛡️ Safety protection active
2025-08-09 08:53:08,894 - INFO - 
🔍 TRADE #46: Analyzing UNI/USDT
2025-08-09 08:53:08,894 - INFO - 📊 Market Intelligence:
2025-08-09 08:53:08,894 - INFO -    🎯 Profit Probability: 67.9%
2025-08-09 08:53:08,894 - INFO -    📈 Risk-Adjusted Score: 0.62
2025-08-09 08:53:08,894 - INFO -    ⚡ Volatility Regime: LOW
2025-08-09 08:53:08,894 - INFO -    🔧 Technical Confluence: 0.56
2025-08-09 08:53:08,894 - INFO - 🛡️ Profit Guarantee Analysis:
2025-08-09 08:53:08,894 - INFO -    ✅ Guarantee Score: 0.67
2025-08-09 08:53:08,894 - INFO -    📊 Risk/Reward Ratio: 5.1:1
2025-08-09 08:53:08,894 - INFO -    🎯 Expected Profit: 10.2%
2025-08-09 08:53:08,895 - INFO -    ⚠️ Max Risk: 2.0%
2025-08-09 08:53:08,895 - INFO - 🚫 TRADE SKIPPED: Safety thresholds not met
2025-08-09 08:53:08,895 - INFO -    🛡️ Safety protection active
2025-08-09 08:53:08,997 - INFO - 
🔍 TRADE #47: Analyzing UNI/USDT
2025-08-09 08:53:08,999 - INFO - 📊 Market Intelligence:
2025-08-09 08:53:09,000 - INFO -    🎯 Profit Probability: 67.9%
2025-08-09 08:53:09,000 - INFO -    📈 Risk-Adjusted Score: 0.62
2025-08-09 08:53:09,000 - INFO -    ⚡ Volatility Regime: LOW
2025-08-09 08:53:09,000 - INFO -    🔧 Technical Confluence: 0.56
2025-08-09 08:53:09,000 - INFO - 🛡️ Profit Guarantee Analysis:
2025-08-09 08:53:09,000 - INFO -    ✅ Guarantee Score: 0.67
2025-08-09 08:53:09,000 - INFO -    📊 Risk/Reward Ratio: 5.1:1
2025-08-09 08:53:09,000 - INFO -    🎯 Expected Profit: 10.2%
2025-08-09 08:53:09,000 - INFO -    ⚠️ Max Risk: 2.0%
2025-08-09 08:53:09,000 - INFO - 🚫 TRADE SKIPPED: Safety thresholds not met
2025-08-09 08:53:09,000 - INFO -    🛡️ Safety protection active
2025-08-09 08:53:09,101 - INFO - 
🔍 TRADE #48: Analyzing UNI/USDT
2025-08-09 08:53:09,102 - INFO - 📊 Market Intelligence:
2025-08-09 08:53:09,103 - INFO -    🎯 Profit Probability: 67.9%
2025-08-09 08:53:09,103 - INFO -    📈 Risk-Adjusted Score: 0.62
2025-08-09 08:53:09,103 - INFO -    ⚡ Volatility Regime: LOW
2025-08-09 08:53:09,103 - INFO -    🔧 Technical Confluence: 0.56
2025-08-09 08:53:09,103 - INFO - 🛡️ Profit Guarantee Analysis:
2025-08-09 08:53:09,103 - INFO -    ✅ Guarantee Score: 0.67
2025-08-09 08:53:09,103 - INFO -    📊 Risk/Reward Ratio: 5.1:1
2025-08-09 08:53:09,103 - INFO -    🎯 Expected Profit: 10.2%
2025-08-09 08:53:09,103 - INFO -    ⚠️ Max Risk: 2.0%
2025-08-09 08:53:09,103 - INFO - 🚫 TRADE SKIPPED: Safety thresholds not met
2025-08-09 08:53:09,103 - INFO -    🛡️ Safety protection active
2025-08-09 08:53:09,206 - INFO - 
🔍 TRADE #49: Analyzing UNI/USDT
2025-08-09 08:53:09,207 - INFO - 📊 Market Intelligence:
2025-08-09 08:53:09,207 - INFO -    🎯 Profit Probability: 67.9%
2025-08-09 08:53:09,207 - INFO -    📈 Risk-Adjusted Score: 0.62
2025-08-09 08:53:09,207 - INFO -    ⚡ Volatility Regime: LOW
2025-08-09 08:53:09,208 - INFO -    🔧 Technical Confluence: 0.56
2025-08-09 08:53:09,208 - INFO - 🛡️ Profit Guarantee Analysis:
2025-08-09 08:53:09,208 - INFO -    ✅ Guarantee Score: 0.67
2025-08-09 08:53:09,208 - INFO -    📊 Risk/Reward Ratio: 5.1:1
2025-08-09 08:53:09,208 - INFO -    🎯 Expected Profit: 10.2%
2025-08-09 08:53:09,208 - INFO -    ⚠️ Max Risk: 2.0%
2025-08-09 08:53:09,208 - INFO - 🚫 TRADE SKIPPED: Safety thresholds not met
2025-08-09 08:53:09,208 - INFO -    🛡️ Safety protection active
2025-08-09 08:53:09,310 - INFO - 
🔍 TRADE #50: Analyzing UNI/USDT
2025-08-09 08:53:09,312 - INFO - 📊 Market Intelligence:
2025-08-09 08:53:09,312 - INFO -    🎯 Profit Probability: 67.9%
2025-08-09 08:53:09,312 - INFO -    📈 Risk-Adjusted Score: 0.62
2025-08-09 08:53:09,312 - INFO -    ⚡ Volatility Regime: LOW
2025-08-09 08:53:09,312 - INFO -    🔧 Technical Confluence: 0.56
2025-08-09 08:53:09,312 - INFO - 🛡️ Profit Guarantee Analysis:
2025-08-09 08:53:09,312 - INFO -    ✅ Guarantee Score: 0.67
2025-08-09 08:53:09,312 - INFO -    📊 Risk/Reward Ratio: 5.1:1
2025-08-09 08:53:09,312 - INFO -    🎯 Expected Profit: 10.2%
2025-08-09 08:53:09,312 - INFO -    ⚠️ Max Risk: 2.0%
2025-08-09 08:53:09,313 - INFO - 🚫 TRADE SKIPPED: Safety thresholds not met
2025-08-09 08:53:09,313 - INFO -    🛡️ Safety protection active
2025-08-09 08:53:09,415 - INFO - 
🔍 TRADE #51: Analyzing UNI/USDT
2025-08-09 08:53:09,415 - INFO - 📊 Market Intelligence:
2025-08-09 08:53:09,415 - INFO -    🎯 Profit Probability: 67.9%
2025-08-09 08:53:09,415 - INFO -    📈 Risk-Adjusted Score: 0.62
2025-08-09 08:53:09,415 - INFO -    ⚡ Volatility Regime: LOW
2025-08-09 08:53:09,416 - INFO -    🔧 Technical Confluence: 0.56
2025-08-09 08:53:09,416 - INFO - 🛡️ Profit Guarantee Analysis:
2025-08-09 08:53:09,416 - INFO -    ✅ Guarantee Score: 0.67
2025-08-09 08:53:09,416 - INFO -    📊 Risk/Reward Ratio: 5.1:1
2025-08-09 08:53:09,416 - INFO -    🎯 Expected Profit: 10.2%
2025-08-09 08:53:09,416 - INFO -    ⚠️ Max Risk: 2.0%
2025-08-09 08:53:09,416 - INFO - 🚫 TRADE SKIPPED: Safety thresholds not met
2025-08-09 08:53:09,416 - INFO -    🛡️ Safety protection active
2025-08-09 08:53:09,516 - INFO - 
🔍 TRADE #52: Analyzing UNI/USDT
2025-08-09 08:53:09,517 - INFO - 📊 Market Intelligence:
2025-08-09 08:53:09,517 - INFO -    🎯 Profit Probability: 67.9%
2025-08-09 08:53:09,517 - INFO -    📈 Risk-Adjusted Score: 0.62
2025-08-09 08:53:09,517 - INFO -    ⚡ Volatility Regime: LOW
2025-08-09 08:53:09,517 - INFO -    🔧 Technical Confluence: 0.56
2025-08-09 08:53:09,517 - INFO - 🛡️ Profit Guarantee Analysis:
2025-08-09 08:53:09,517 - INFO -    ✅ Guarantee Score: 0.67
2025-08-09 08:53:09,517 - INFO -    📊 Risk/Reward Ratio: 5.1:1
2025-08-09 08:53:09,517 - INFO -    🎯 Expected Profit: 10.2%
2025-08-09 08:53:09,517 - INFO -    ⚠️ Max Risk: 2.0%
2025-08-09 08:53:09,517 - INFO - 🚫 TRADE SKIPPED: Safety thresholds not met
2025-08-09 08:53:09,517 - INFO -    🛡️ Safety protection active
2025-08-09 08:53:09,619 - INFO - 
🔍 TRADE #53: Analyzing UNI/USDT
2025-08-09 08:53:09,619 - INFO - 📊 Market Intelligence:
2025-08-09 08:53:09,619 - INFO -    🎯 Profit Probability: 67.9%
2025-08-09 08:53:09,619 - INFO -    📈 Risk-Adjusted Score: 0.62
2025-08-09 08:53:09,619 - INFO -    ⚡ Volatility Regime: LOW
2025-08-09 08:53:09,619 - INFO -    🔧 Technical Confluence: 0.56
2025-08-09 08:53:09,619 - INFO - 🛡️ Profit Guarantee Analysis:
2025-08-09 08:53:09,619 - INFO -    ✅ Guarantee Score: 0.67
2025-08-09 08:53:09,619 - INFO -    📊 Risk/Reward Ratio: 5.1:1
2025-08-09 08:53:09,619 - INFO -    🎯 Expected Profit: 10.2%
2025-08-09 08:53:09,619 - INFO -    ⚠️ Max Risk: 2.0%
2025-08-09 08:53:09,619 - INFO - 🚫 TRADE SKIPPED: Safety thresholds not met
2025-08-09 08:53:09,619 - INFO -    🛡️ Safety protection active
2025-08-09 08:53:09,721 - INFO - 
🔍 TRADE #54: Analyzing UNI/USDT
2025-08-09 08:53:09,721 - INFO - 📊 Market Intelligence:
2025-08-09 08:53:09,721 - INFO -    🎯 Profit Probability: 67.9%
2025-08-09 08:53:09,721 - INFO -    📈 Risk-Adjusted Score: 0.62
2025-08-09 08:53:09,721 - INFO -    ⚡ Volatility Regime: LOW
2025-08-09 08:53:09,721 - INFO -    🔧 Technical Confluence: 0.56
2025-08-09 08:53:09,722 - INFO - 🛡️ Profit Guarantee Analysis:
2025-08-09 08:53:09,722 - INFO -    ✅ Guarantee Score: 0.67
2025-08-09 08:53:09,722 - INFO -    📊 Risk/Reward Ratio: 5.1:1
2025-08-09 08:53:09,722 - INFO -    🎯 Expected Profit: 10.2%
2025-08-09 08:53:09,722 - INFO -    ⚠️ Max Risk: 2.0%
2025-08-09 08:53:09,722 - INFO - 🚫 TRADE SKIPPED: Safety thresholds not met
2025-08-09 08:53:09,722 - INFO -    🛡️ Safety protection active
2025-08-09 08:53:09,824 - INFO - 
🔍 TRADE #55: Analyzing UNI/USDT
2025-08-09 08:53:09,826 - INFO - 📊 Market Intelligence:
2025-08-09 08:53:09,826 - INFO -    🎯 Profit Probability: 67.9%
2025-08-09 08:53:09,826 - INFO -    📈 Risk-Adjusted Score: 0.62
2025-08-09 08:53:09,826 - INFO -    ⚡ Volatility Regime: LOW
2025-08-09 08:53:09,826 - INFO -    🔧 Technical Confluence: 0.56
2025-08-09 08:53:09,826 - INFO - 🛡️ Profit Guarantee Analysis:
2025-08-09 08:53:09,826 - INFO -    ✅ Guarantee Score: 0.67
2025-08-09 08:53:09,826 - INFO -    📊 Risk/Reward Ratio: 5.1:1
2025-08-09 08:53:09,826 - INFO -    🎯 Expected Profit: 10.2%
2025-08-09 08:53:09,826 - INFO -    ⚠️ Max Risk: 2.0%
2025-08-09 08:53:09,826 - INFO - 🚫 TRADE SKIPPED: Safety thresholds not met
2025-08-09 08:53:09,826 - INFO -    🛡️ Safety protection active
2025-08-09 08:53:09,927 - INFO - 
🔍 TRADE #56: Analyzing UNI/USDT
2025-08-09 08:53:09,928 - INFO - 📊 Market Intelligence:
2025-08-09 08:53:09,928 - INFO -    🎯 Profit Probability: 67.9%
2025-08-09 08:53:09,928 - INFO -    📈 Risk-Adjusted Score: 0.62
2025-08-09 08:53:09,928 - INFO -    ⚡ Volatility Regime: LOW
2025-08-09 08:53:09,928 - INFO -    🔧 Technical Confluence: 0.56
2025-08-09 08:53:09,928 - INFO - 🛡️ Profit Guarantee Analysis:
2025-08-09 08:53:09,928 - INFO -    ✅ Guarantee Score: 0.67
2025-08-09 08:53:09,928 - INFO -    📊 Risk/Reward Ratio: 5.1:1
2025-08-09 08:53:09,928 - INFO -    🎯 Expected Profit: 10.2%
2025-08-09 08:53:09,928 - INFO -    ⚠️ Max Risk: 2.0%
2025-08-09 08:53:09,928 - INFO - 🚫 TRADE SKIPPED: Safety thresholds not met
2025-08-09 08:53:09,928 - INFO -    🛡️ Safety protection active
2025-08-09 08:53:10,030 - INFO - 
🔍 TRADE #57: Analyzing UNI/USDT
2025-08-09 08:53:10,031 - INFO - 📊 Market Intelligence:
2025-08-09 08:53:10,031 - INFO -    🎯 Profit Probability: 67.9%
2025-08-09 08:53:10,031 - INFO -    📈 Risk-Adjusted Score: 0.62
2025-08-09 08:53:10,031 - INFO -    ⚡ Volatility Regime: LOW
2025-08-09 08:53:10,031 - INFO -    🔧 Technical Confluence: 0.56
2025-08-09 08:53:10,031 - INFO - 🛡️ Profit Guarantee Analysis:
2025-08-09 08:53:10,031 - INFO -    ✅ Guarantee Score: 0.67
2025-08-09 08:53:10,031 - INFO -    📊 Risk/Reward Ratio: 5.1:1
2025-08-09 08:53:10,031 - INFO -    🎯 Expected Profit: 10.2%
2025-08-09 08:53:10,031 - INFO -    ⚠️ Max Risk: 2.0%
2025-08-09 08:53:10,031 - INFO - 🚫 TRADE SKIPPED: Safety thresholds not met
2025-08-09 08:53:10,031 - INFO -    🛡️ Safety protection active
2025-08-09 08:53:10,132 - INFO - 
🔍 TRADE #58: Analyzing UNI/USDT
2025-08-09 08:53:10,132 - INFO - 📊 Market Intelligence:
2025-08-09 08:53:10,132 - INFO -    🎯 Profit Probability: 67.9%
2025-08-09 08:53:10,132 - INFO -    📈 Risk-Adjusted Score: 0.62
2025-08-09 08:53:10,133 - INFO -    ⚡ Volatility Regime: LOW
2025-08-09 08:53:10,133 - INFO -    🔧 Technical Confluence: 0.56
2025-08-09 08:53:10,133 - INFO - 🛡️ Profit Guarantee Analysis:
2025-08-09 08:53:10,133 - INFO -    ✅ Guarantee Score: 0.67
2025-08-09 08:53:10,133 - INFO -    📊 Risk/Reward Ratio: 5.1:1
2025-08-09 08:53:10,133 - INFO -    🎯 Expected Profit: 10.2%
2025-08-09 08:53:10,133 - INFO -    ⚠️ Max Risk: 2.0%
2025-08-09 08:53:10,133 - INFO - 🚫 TRADE SKIPPED: Safety thresholds not met
2025-08-09 08:53:10,133 - INFO -    🛡️ Safety protection active
2025-08-09 08:53:10,235 - INFO - 
🔍 TRADE #59: Analyzing UNI/USDT
2025-08-09 08:53:10,236 - INFO - 📊 Market Intelligence:
2025-08-09 08:53:10,236 - INFO -    🎯 Profit Probability: 67.9%
2025-08-09 08:53:10,236 - INFO -    📈 Risk-Adjusted Score: 0.62
2025-08-09 08:53:10,236 - INFO -    ⚡ Volatility Regime: LOW
2025-08-09 08:53:10,236 - INFO -    🔧 Technical Confluence: 0.56
2025-08-09 08:53:10,237 - INFO - 🛡️ Profit Guarantee Analysis:
2025-08-09 08:53:10,237 - INFO -    ✅ Guarantee Score: 0.67
2025-08-09 08:53:10,237 - INFO -    📊 Risk/Reward Ratio: 5.1:1
2025-08-09 08:53:10,237 - INFO -    🎯 Expected Profit: 10.2%
2025-08-09 08:53:10,237 - INFO -    ⚠️ Max Risk: 2.0%
2025-08-09 08:53:10,237 - INFO - 🚫 TRADE SKIPPED: Safety thresholds not met
2025-08-09 08:53:10,237 - INFO -    🛡️ Safety protection active
2025-08-09 08:53:10,339 - INFO - 
🔍 TRADE #60: Analyzing UNI/USDT
2025-08-09 08:53:10,340 - INFO - 📊 Market Intelligence:
2025-08-09 08:53:10,340 - INFO -    🎯 Profit Probability: 67.9%
2025-08-09 08:53:10,340 - INFO -    📈 Risk-Adjusted Score: 0.62
2025-08-09 08:53:10,340 - INFO -    ⚡ Volatility Regime: LOW
2025-08-09 08:53:10,340 - INFO -    🔧 Technical Confluence: 0.56
2025-08-09 08:53:10,341 - INFO - 🛡️ Profit Guarantee Analysis:
2025-08-09 08:53:10,341 - INFO -    ✅ Guarantee Score: 0.67
2025-08-09 08:53:10,341 - INFO -    📊 Risk/Reward Ratio: 5.1:1
2025-08-09 08:53:10,341 - INFO -    🎯 Expected Profit: 10.2%
2025-08-09 08:53:10,342 - INFO -    ⚠️ Max Risk: 2.0%
2025-08-09 08:53:10,342 - INFO - 🚫 TRADE SKIPPED: Safety thresholds not met
2025-08-09 08:53:10,342 - INFO -    🛡️ Safety protection active
2025-08-09 08:53:10,443 - INFO - 
🔍 TRADE #61: Analyzing UNI/USDT
2025-08-09 08:53:10,444 - INFO - 📊 Market Intelligence:
2025-08-09 08:53:10,444 - INFO -    🎯 Profit Probability: 67.9%
2025-08-09 08:53:10,444 - INFO -    📈 Risk-Adjusted Score: 0.62
2025-08-09 08:53:10,444 - INFO -    ⚡ Volatility Regime: LOW
2025-08-09 08:53:10,444 - INFO -    🔧 Technical Confluence: 0.56
2025-08-09 08:53:10,444 - INFO - 🛡️ Profit Guarantee Analysis:
2025-08-09 08:53:10,444 - INFO -    ✅ Guarantee Score: 0.67
2025-08-09 08:53:10,444 - INFO -    📊 Risk/Reward Ratio: 5.1:1
2025-08-09 08:53:10,444 - INFO -    🎯 Expected Profit: 10.2%
2025-08-09 08:53:10,444 - INFO -    ⚠️ Max Risk: 2.0%
2025-08-09 08:53:10,444 - INFO - 🚫 TRADE SKIPPED: Safety thresholds not met
2025-08-09 08:53:10,445 - INFO -    🛡️ Safety protection active
2025-08-09 08:53:10,547 - INFO - 
🔍 TRADE #62: Analyzing UNI/USDT
2025-08-09 08:53:10,548 - INFO - 📊 Market Intelligence:
2025-08-09 08:53:10,548 - INFO -    🎯 Profit Probability: 67.9%
2025-08-09 08:53:10,548 - INFO -    📈 Risk-Adjusted Score: 0.62
2025-08-09 08:53:10,548 - INFO -    ⚡ Volatility Regime: LOW
2025-08-09 08:53:10,548 - INFO -    🔧 Technical Confluence: 0.56
2025-08-09 08:53:10,548 - INFO - 🛡️ Profit Guarantee Analysis:
2025-08-09 08:53:10,549 - INFO -    ✅ Guarantee Score: 0.67
2025-08-09 08:53:10,549 - INFO -    📊 Risk/Reward Ratio: 5.1:1
2025-08-09 08:53:10,549 - INFO -    🎯 Expected Profit: 10.2%
2025-08-09 08:53:10,549 - INFO -    ⚠️ Max Risk: 2.0%
2025-08-09 08:53:10,549 - INFO - 🚫 TRADE SKIPPED: Safety thresholds not met
2025-08-09 08:53:10,550 - INFO -    🛡️ Safety protection active
2025-08-09 08:53:10,652 - INFO - 
🔍 TRADE #63: Analyzing UNI/USDT
2025-08-09 08:53:10,653 - INFO - 📊 Market Intelligence:
2025-08-09 08:53:10,653 - INFO -    🎯 Profit Probability: 67.9%
2025-08-09 08:53:10,653 - INFO -    📈 Risk-Adjusted Score: 0.62
2025-08-09 08:53:10,654 - INFO -    ⚡ Volatility Regime: LOW
2025-08-09 08:53:10,654 - INFO -    🔧 Technical Confluence: 0.56
2025-08-09 08:53:10,654 - INFO - 🛡️ Profit Guarantee Analysis:
2025-08-09 08:53:10,654 - INFO -    ✅ Guarantee Score: 0.67
2025-08-09 08:53:10,654 - INFO -    📊 Risk/Reward Ratio: 5.1:1
2025-08-09 08:53:10,654 - INFO -    🎯 Expected Profit: 10.2%
2025-08-09 08:53:10,654 - INFO -    ⚠️ Max Risk: 2.0%
2025-08-09 08:53:10,654 - INFO - 🚫 TRADE SKIPPED: Safety thresholds not met
2025-08-09 08:53:10,654 - INFO -    🛡️ Safety protection active
2025-08-09 08:53:10,756 - INFO - 
🔍 TRADE #64: Analyzing UNI/USDT
2025-08-09 08:53:10,758 - INFO - 📊 Market Intelligence:
2025-08-09 08:53:10,758 - INFO -    🎯 Profit Probability: 67.9%
2025-08-09 08:53:10,758 - INFO -    📈 Risk-Adjusted Score: 0.62
2025-08-09 08:53:10,759 - INFO -    ⚡ Volatility Regime: LOW
2025-08-09 08:53:10,759 - INFO -    🔧 Technical Confluence: 0.56
2025-08-09 08:53:10,759 - INFO - 🛡️ Profit Guarantee Analysis:
2025-08-09 08:53:10,759 - INFO -    ✅ Guarantee Score: 0.67
2025-08-09 08:53:10,759 - INFO -    📊 Risk/Reward Ratio: 5.1:1
2025-08-09 08:53:10,759 - INFO -    🎯 Expected Profit: 10.2%
2025-08-09 08:53:10,760 - INFO -    ⚠️ Max Risk: 2.0%
2025-08-09 08:53:10,760 - INFO - 🚫 TRADE SKIPPED: Safety thresholds not met
2025-08-09 08:53:10,760 - INFO -    🛡️ Safety protection active
2025-08-09 08:53:10,861 - INFO - 
🔍 TRADE #65: Analyzing UNI/USDT
2025-08-09 08:53:10,862 - INFO - 📊 Market Intelligence:
2025-08-09 08:53:10,862 - INFO -    🎯 Profit Probability: 67.9%
2025-08-09 08:53:10,862 - INFO -    📈 Risk-Adjusted Score: 0.62
2025-08-09 08:53:10,862 - INFO -    ⚡ Volatility Regime: LOW
2025-08-09 08:53:10,862 - INFO -    🔧 Technical Confluence: 0.56
2025-08-09 08:53:10,862 - INFO - 🛡️ Profit Guarantee Analysis:
2025-08-09 08:53:10,862 - INFO -    ✅ Guarantee Score: 0.67
2025-08-09 08:53:10,862 - INFO -    📊 Risk/Reward Ratio: 5.1:1
2025-08-09 08:53:10,862 - INFO -    🎯 Expected Profit: 10.2%
2025-08-09 08:53:10,862 - INFO -    ⚠️ Max Risk: 2.0%
2025-08-09 08:53:10,862 - INFO - 🚫 TRADE SKIPPED: Safety thresholds not met
2025-08-09 08:53:10,862 - INFO -    🛡️ Safety protection active
2025-08-09 08:53:10,964 - INFO - 
🔍 TRADE #66: Analyzing UNI/USDT
2025-08-09 08:53:10,964 - INFO - 📊 Market Intelligence:
2025-08-09 08:53:10,964 - INFO -    🎯 Profit Probability: 67.9%
2025-08-09 08:53:10,964 - INFO -    📈 Risk-Adjusted Score: 0.62
2025-08-09 08:53:10,965 - INFO -    ⚡ Volatility Regime: LOW
2025-08-09 08:53:10,965 - INFO -    🔧 Technical Confluence: 0.56
2025-08-09 08:53:10,965 - INFO - 🛡️ Profit Guarantee Analysis:
2025-08-09 08:53:10,965 - INFO -    ✅ Guarantee Score: 0.67
2025-08-09 08:53:10,965 - INFO -    📊 Risk/Reward Ratio: 5.1:1
2025-08-09 08:53:10,965 - INFO -    🎯 Expected Profit: 10.2%
2025-08-09 08:53:10,965 - INFO -    ⚠️ Max Risk: 2.0%
2025-08-09 08:53:10,965 - INFO - 🚫 TRADE SKIPPED: Safety thresholds not met
2025-08-09 08:53:10,965 - INFO -    🛡️ Safety protection active
2025-08-09 08:53:11,067 - INFO - 
🔍 TRADE #67: Analyzing UNI/USDT
2025-08-09 08:53:11,069 - INFO - 📊 Market Intelligence:
2025-08-09 08:53:11,069 - INFO -    🎯 Profit Probability: 67.9%
2025-08-09 08:53:11,069 - INFO -    📈 Risk-Adjusted Score: 0.62
2025-08-09 08:53:11,070 - INFO -    ⚡ Volatility Regime: LOW
2025-08-09 08:53:11,070 - INFO -    🔧 Technical Confluence: 0.56
2025-08-09 08:53:11,070 - INFO - 🛡️ Profit Guarantee Analysis:
2025-08-09 08:53:11,070 - INFO -    ✅ Guarantee Score: 0.67
2025-08-09 08:53:11,070 - INFO -    📊 Risk/Reward Ratio: 5.1:1
2025-08-09 08:53:11,070 - INFO -    🎯 Expected Profit: 10.2%
2025-08-09 08:53:11,070 - INFO -    ⚠️ Max Risk: 2.0%
2025-08-09 08:53:11,070 - INFO - 🚫 TRADE SKIPPED: Safety thresholds not met
2025-08-09 08:53:11,070 - INFO -    🛡️ Safety protection active
2025-08-09 08:53:11,172 - INFO - 
🔍 TRADE #68: Analyzing UNI/USDT
2025-08-09 08:53:11,173 - INFO - 📊 Market Intelligence:
2025-08-09 08:53:11,173 - INFO -    🎯 Profit Probability: 67.9%
2025-08-09 08:53:11,173 - INFO -    📈 Risk-Adjusted Score: 0.62
2025-08-09 08:53:11,173 - INFO -    ⚡ Volatility Regime: LOW
2025-08-09 08:53:11,173 - INFO -    🔧 Technical Confluence: 0.56
2025-08-09 08:53:11,174 - INFO - 🛡️ Profit Guarantee Analysis:
2025-08-09 08:53:11,174 - INFO -    ✅ Guarantee Score: 0.67
2025-08-09 08:53:11,174 - INFO -    📊 Risk/Reward Ratio: 5.1:1
2025-08-09 08:53:11,174 - INFO -    🎯 Expected Profit: 10.2%
2025-08-09 08:53:11,175 - INFO -    ⚠️ Max Risk: 2.0%
2025-08-09 08:53:11,175 - INFO - 🚫 TRADE SKIPPED: Safety thresholds not met
2025-08-09 08:53:11,176 - INFO -    🛡️ Safety protection active
2025-08-09 08:53:11,277 - INFO - 
🔍 TRADE #69: Analyzing UNI/USDT
2025-08-09 08:53:11,278 - INFO - 📊 Market Intelligence:
2025-08-09 08:53:11,279 - INFO -    🎯 Profit Probability: 67.9%
2025-08-09 08:53:11,279 - INFO -    📈 Risk-Adjusted Score: 0.62
2025-08-09 08:53:11,279 - INFO -    ⚡ Volatility Regime: LOW
2025-08-09 08:53:11,279 - INFO -    🔧 Technical Confluence: 0.56
2025-08-09 08:53:11,279 - INFO - 🛡️ Profit Guarantee Analysis:
2025-08-09 08:53:11,279 - INFO -    ✅ Guarantee Score: 0.67
2025-08-09 08:53:11,279 - INFO -    📊 Risk/Reward Ratio: 5.1:1
2025-08-09 08:53:11,279 - INFO -    🎯 Expected Profit: 10.2%
2025-08-09 08:53:11,279 - INFO -    ⚠️ Max Risk: 2.0%
2025-08-09 08:53:11,279 - INFO - 🚫 TRADE SKIPPED: Safety thresholds not met
2025-08-09 08:53:11,279 - INFO -    🛡️ Safety protection active
2025-08-09 08:53:11,381 - INFO - 
🔍 TRADE #70: Analyzing UNI/USDT
2025-08-09 08:53:11,381 - INFO - 📊 Market Intelligence:
2025-08-09 08:53:11,382 - INFO -    🎯 Profit Probability: 67.9%
2025-08-09 08:53:11,382 - INFO -    📈 Risk-Adjusted Score: 0.62
2025-08-09 08:53:11,382 - INFO -    ⚡ Volatility Regime: LOW
2025-08-09 08:53:11,382 - INFO -    🔧 Technical Confluence: 0.56
2025-08-09 08:53:11,382 - INFO - 🛡️ Profit Guarantee Analysis:
2025-08-09 08:53:11,382 - INFO -    ✅ Guarantee Score: 0.67
2025-08-09 08:53:11,382 - INFO -    📊 Risk/Reward Ratio: 5.1:1
2025-08-09 08:53:11,382 - INFO -    🎯 Expected Profit: 10.2%
2025-08-09 08:53:11,382 - INFO -    ⚠️ Max Risk: 2.0%
2025-08-09 08:53:11,382 - INFO - 🚫 TRADE SKIPPED: Safety thresholds not met
2025-08-09 08:53:11,382 - INFO -    🛡️ Safety protection active
2025-08-09 08:53:11,484 - INFO - 
🔍 TRADE #71: Analyzing UNI/USDT
2025-08-09 08:53:11,484 - INFO - 📊 Market Intelligence:
2025-08-09 08:53:11,484 - INFO -    🎯 Profit Probability: 67.9%
2025-08-09 08:53:11,484 - INFO -    📈 Risk-Adjusted Score: 0.62
2025-08-09 08:53:11,484 - INFO -    ⚡ Volatility Regime: LOW
2025-08-09 08:53:11,484 - INFO -    🔧 Technical Confluence: 0.56
2025-08-09 08:53:11,484 - INFO - 🛡️ Profit Guarantee Analysis:
2025-08-09 08:53:11,485 - INFO -    ✅ Guarantee Score: 0.67
2025-08-09 08:53:11,485 - INFO -    📊 Risk/Reward Ratio: 5.1:1
2025-08-09 08:53:11,485 - INFO -    🎯 Expected Profit: 10.2%
2025-08-09 08:53:11,485 - INFO -    ⚠️ Max Risk: 2.0%
2025-08-09 08:53:11,485 - INFO - 🚫 TRADE SKIPPED: Safety thresholds not met
2025-08-09 08:53:11,485 - INFO -    🛡️ Safety protection active
2025-08-09 08:53:11,587 - INFO - 
🔍 TRADE #72: Analyzing UNI/USDT
2025-08-09 08:53:11,588 - INFO - 📊 Market Intelligence:
2025-08-09 08:53:11,588 - INFO -    🎯 Profit Probability: 67.9%
2025-08-09 08:53:11,588 - INFO -    📈 Risk-Adjusted Score: 0.62
2025-08-09 08:53:11,588 - INFO -    ⚡ Volatility Regime: LOW
2025-08-09 08:53:11,589 - INFO -    🔧 Technical Confluence: 0.56
2025-08-09 08:53:11,589 - INFO - 🛡️ Profit Guarantee Analysis:
2025-08-09 08:53:11,589 - INFO -    ✅ Guarantee Score: 0.67
2025-08-09 08:53:11,589 - INFO -    📊 Risk/Reward Ratio: 5.1:1
2025-08-09 08:53:11,589 - INFO -    🎯 Expected Profit: 10.2%
2025-08-09 08:53:11,589 - INFO -    ⚠️ Max Risk: 2.0%
2025-08-09 08:53:11,589 - INFO - 🚫 TRADE SKIPPED: Safety thresholds not met
2025-08-09 08:53:11,589 - INFO -    🛡️ Safety protection active
2025-08-09 08:53:11,691 - INFO - 
🔍 TRADE #73: Analyzing UNI/USDT
2025-08-09 08:53:11,693 - INFO - 📊 Market Intelligence:
2025-08-09 08:53:11,694 - INFO -    🎯 Profit Probability: 67.9%
2025-08-09 08:53:11,694 - INFO -    📈 Risk-Adjusted Score: 0.62
2025-08-09 08:53:11,694 - INFO -    ⚡ Volatility Regime: LOW
2025-08-09 08:53:11,694 - INFO -    🔧 Technical Confluence: 0.56
2025-08-09 08:53:11,694 - INFO - 🛡️ Profit Guarantee Analysis:
2025-08-09 08:53:11,694 - INFO -    ✅ Guarantee Score: 0.67
2025-08-09 08:53:11,694 - INFO -    📊 Risk/Reward Ratio: 5.1:1
2025-08-09 08:53:11,695 - INFO -    🎯 Expected Profit: 10.2%
2025-08-09 08:53:11,695 - INFO -    ⚠️ Max Risk: 2.0%
2025-08-09 08:53:11,695 - INFO - 🚫 TRADE SKIPPED: Safety thresholds not met
2025-08-09 08:53:11,695 - INFO -    🛡️ Safety protection active
2025-08-09 08:53:11,797 - INFO - 
🔍 TRADE #74: Analyzing UNI/USDT
2025-08-09 08:53:11,798 - INFO - 📊 Market Intelligence:
2025-08-09 08:53:11,798 - INFO -    🎯 Profit Probability: 67.9%
2025-08-09 08:53:11,799 - INFO -    📈 Risk-Adjusted Score: 0.62
2025-08-09 08:53:11,799 - INFO -    ⚡ Volatility Regime: LOW
2025-08-09 08:53:11,799 - INFO -    🔧 Technical Confluence: 0.56
2025-08-09 08:53:11,799 - INFO - 🛡️ Profit Guarantee Analysis:
2025-08-09 08:53:11,799 - INFO -    ✅ Guarantee Score: 0.67
2025-08-09 08:53:11,799 - INFO -    📊 Risk/Reward Ratio: 5.1:1
2025-08-09 08:53:11,800 - INFO -    🎯 Expected Profit: 10.2%
2025-08-09 08:53:11,800 - INFO -    ⚠️ Max Risk: 2.0%
2025-08-09 08:53:11,800 - INFO - 🚫 TRADE SKIPPED: Safety thresholds not met
2025-08-09 08:53:11,800 - INFO -    🛡️ Safety protection active
2025-08-09 08:53:11,902 - INFO - 
🔍 TRADE #75: Analyzing UNI/USDT
2025-08-09 08:53:11,904 - INFO - 📊 Market Intelligence:
2025-08-09 08:53:11,904 - INFO -    🎯 Profit Probability: 67.9%
2025-08-09 08:53:11,904 - INFO -    📈 Risk-Adjusted Score: 0.62
2025-08-09 08:53:11,904 - INFO -    ⚡ Volatility Regime: LOW
2025-08-09 08:53:11,904 - INFO -    🔧 Technical Confluence: 0.56
2025-08-09 08:53:11,904 - INFO - 🛡️ Profit Guarantee Analysis:
2025-08-09 08:53:11,905 - INFO -    ✅ Guarantee Score: 0.67
2025-08-09 08:53:11,905 - INFO -    📊 Risk/Reward Ratio: 5.1:1
2025-08-09 08:53:11,905 - INFO -    🎯 Expected Profit: 10.2%
2025-08-09 08:53:11,905 - INFO -    ⚠️ Max Risk: 2.0%
2025-08-09 08:53:11,905 - INFO - 🚫 TRADE SKIPPED: Safety thresholds not met
2025-08-09 08:53:11,905 - INFO -    🛡️ Safety protection active
2025-08-09 08:53:12,007 - INFO - 
🔍 TRADE #76: Analyzing UNI/USDT
2025-08-09 08:53:12,008 - INFO - 📊 Market Intelligence:
2025-08-09 08:53:12,008 - INFO -    🎯 Profit Probability: 67.9%
2025-08-09 08:53:12,008 - INFO -    📈 Risk-Adjusted Score: 0.62
2025-08-09 08:53:12,008 - INFO -    ⚡ Volatility Regime: LOW
2025-08-09 08:53:12,008 - INFO -    🔧 Technical Confluence: 0.56
2025-08-09 08:53:12,008 - INFO - 🛡️ Profit Guarantee Analysis:
2025-08-09 08:53:12,009 - INFO -    ✅ Guarantee Score: 0.67
2025-08-09 08:53:12,009 - INFO -    📊 Risk/Reward Ratio: 5.1:1
2025-08-09 08:53:12,009 - INFO -    🎯 Expected Profit: 10.2%
2025-08-09 08:53:12,009 - INFO -    ⚠️ Max Risk: 2.0%
2025-08-09 08:53:12,009 - INFO - 🚫 TRADE SKIPPED: Safety thresholds not met
2025-08-09 08:53:12,009 - INFO -    🛡️ Safety protection active
2025-08-09 08:53:12,111 - INFO - 
🔍 TRADE #77: Analyzing UNI/USDT
2025-08-09 08:53:12,111 - INFO - 📊 Market Intelligence:
2025-08-09 08:53:12,111 - INFO -    🎯 Profit Probability: 67.9%
2025-08-09 08:53:12,111 - INFO -    📈 Risk-Adjusted Score: 0.62
2025-08-09 08:53:12,111 - INFO -    ⚡ Volatility Regime: LOW
2025-08-09 08:53:12,111 - INFO -    🔧 Technical Confluence: 0.56
2025-08-09 08:53:12,111 - INFO - 🛡️ Profit Guarantee Analysis:
2025-08-09 08:53:12,111 - INFO -    ✅ Guarantee Score: 0.67
2025-08-09 08:53:12,111 - INFO -    📊 Risk/Reward Ratio: 5.1:1
2025-08-09 08:53:12,111 - INFO -    🎯 Expected Profit: 10.2%
2025-08-09 08:53:12,112 - INFO -    ⚠️ Max Risk: 2.0%
2025-08-09 08:53:12,112 - INFO - 🚫 TRADE SKIPPED: Safety thresholds not met
2025-08-09 08:53:12,112 - INFO -    🛡️ Safety protection active
2025-08-09 08:53:12,213 - INFO - 
🔍 TRADE #78: Analyzing UNI/USDT
2025-08-09 08:53:12,214 - INFO - 📊 Market Intelligence:
2025-08-09 08:53:12,215 - INFO -    🎯 Profit Probability: 67.9%
2025-08-09 08:53:12,215 - INFO -    📈 Risk-Adjusted Score: 0.62
2025-08-09 08:53:12,215 - INFO -    ⚡ Volatility Regime: LOW
2025-08-09 08:53:12,215 - INFO -    🔧 Technical Confluence: 0.56
2025-08-09 08:53:12,215 - INFO - 🛡️ Profit Guarantee Analysis:
2025-08-09 08:53:12,215 - INFO -    ✅ Guarantee Score: 0.67
2025-08-09 08:53:12,215 - INFO -    📊 Risk/Reward Ratio: 5.1:1
2025-08-09 08:53:12,215 - INFO -    🎯 Expected Profit: 10.2%
2025-08-09 08:53:12,215 - INFO -    ⚠️ Max Risk: 2.0%
2025-08-09 08:53:12,215 - INFO - 🚫 TRADE SKIPPED: Safety thresholds not met
2025-08-09 08:53:12,216 - INFO -    🛡️ Safety protection active
2025-08-09 08:53:12,318 - INFO - 
🔍 TRADE #79: Analyzing UNI/USDT
2025-08-09 08:53:12,319 - INFO - 📊 Market Intelligence:
2025-08-09 08:53:12,319 - INFO -    🎯 Profit Probability: 67.9%
2025-08-09 08:53:12,320 - INFO -    📈 Risk-Adjusted Score: 0.62
2025-08-09 08:53:12,320 - INFO -    ⚡ Volatility Regime: LOW
2025-08-09 08:53:12,320 - INFO -    🔧 Technical Confluence: 0.56
2025-08-09 08:53:12,320 - INFO - 🛡️ Profit Guarantee Analysis:
2025-08-09 08:53:12,320 - INFO -    ✅ Guarantee Score: 0.67
2025-08-09 08:53:12,320 - INFO -    📊 Risk/Reward Ratio: 5.1:1
2025-08-09 08:53:12,320 - INFO -    🎯 Expected Profit: 10.2%
2025-08-09 08:53:12,320 - INFO -    ⚠️ Max Risk: 2.0%
2025-08-09 08:53:12,320 - INFO - 🚫 TRADE SKIPPED: Safety thresholds not met
2025-08-09 08:53:12,320 - INFO -    🛡️ Safety protection active
2025-08-09 08:53:12,422 - INFO - 
🔍 TRADE #80: Analyzing UNI/USDT
2025-08-09 08:53:12,422 - INFO - 📊 Market Intelligence:
2025-08-09 08:53:12,422 - INFO -    🎯 Profit Probability: 67.9%
2025-08-09 08:53:12,422 - INFO -    📈 Risk-Adjusted Score: 0.62
2025-08-09 08:53:12,422 - INFO -    ⚡ Volatility Regime: LOW
2025-08-09 08:53:12,422 - INFO -    🔧 Technical Confluence: 0.56
2025-08-09 08:53:12,422 - INFO - 🛡️ Profit Guarantee Analysis:
2025-08-09 08:53:12,422 - INFO -    ✅ Guarantee Score: 0.67
2025-08-09 08:53:12,423 - INFO -    📊 Risk/Reward Ratio: 5.1:1
2025-08-09 08:53:12,423 - INFO -    🎯 Expected Profit: 10.2%
2025-08-09 08:53:12,423 - INFO -    ⚠️ Max Risk: 2.0%
2025-08-09 08:53:12,423 - INFO - 🚫 TRADE SKIPPED: Safety thresholds not met
2025-08-09 08:53:12,423 - INFO -    🛡️ Safety protection active
2025-08-09 08:53:12,524 - INFO - 
🔍 TRADE #81: Analyzing UNI/USDT
2025-08-09 08:53:12,525 - INFO - 📊 Market Intelligence:
2025-08-09 08:53:12,525 - INFO -    🎯 Profit Probability: 67.9%
2025-08-09 08:53:12,525 - INFO -    📈 Risk-Adjusted Score: 0.62
2025-08-09 08:53:12,525 - INFO -    ⚡ Volatility Regime: LOW
2025-08-09 08:53:12,525 - INFO -    🔧 Technical Confluence: 0.56
2025-08-09 08:53:12,525 - INFO - 🛡️ Profit Guarantee Analysis:
2025-08-09 08:53:12,525 - INFO -    ✅ Guarantee Score: 0.67
2025-08-09 08:53:12,525 - INFO -    📊 Risk/Reward Ratio: 5.1:1
2025-08-09 08:53:12,525 - INFO -    🎯 Expected Profit: 10.2%
2025-08-09 08:53:12,525 - INFO -    ⚠️ Max Risk: 2.0%
2025-08-09 08:53:12,525 - INFO - 🚫 TRADE SKIPPED: Safety thresholds not met
2025-08-09 08:53:12,526 - INFO -    🛡️ Safety protection active
2025-08-09 08:53:12,628 - INFO - 
🔍 TRADE #82: Analyzing UNI/USDT
2025-08-09 08:53:12,629 - INFO - 📊 Market Intelligence:
2025-08-09 08:53:12,629 - INFO -    🎯 Profit Probability: 67.9%
2025-08-09 08:53:12,630 - INFO -    📈 Risk-Adjusted Score: 0.62
2025-08-09 08:53:12,630 - INFO -    ⚡ Volatility Regime: LOW
2025-08-09 08:53:12,630 - INFO -    🔧 Technical Confluence: 0.56
2025-08-09 08:53:12,630 - INFO - 🛡️ Profit Guarantee Analysis:
2025-08-09 08:53:12,630 - INFO -    ✅ Guarantee Score: 0.67
2025-08-09 08:53:12,630 - INFO -    📊 Risk/Reward Ratio: 5.1:1
2025-08-09 08:53:12,630 - INFO -    🎯 Expected Profit: 10.2%
2025-08-09 08:53:12,630 - INFO -    ⚠️ Max Risk: 2.0%
2025-08-09 08:53:12,630 - INFO - 🚫 TRADE SKIPPED: Safety thresholds not met
2025-08-09 08:53:12,630 - INFO -    🛡️ Safety protection active
2025-08-09 08:53:12,733 - INFO - 
🔍 TRADE #83: Analyzing UNI/USDT
2025-08-09 08:53:12,734 - INFO - 📊 Market Intelligence:
2025-08-09 08:53:12,735 - INFO -    🎯 Profit Probability: 67.9%
2025-08-09 08:53:12,736 - INFO -    📈 Risk-Adjusted Score: 0.62
2025-08-09 08:53:12,736 - INFO -    ⚡ Volatility Regime: LOW
2025-08-09 08:53:12,736 - INFO -    🔧 Technical Confluence: 0.56
2025-08-09 08:53:12,736 - INFO - 🛡️ Profit Guarantee Analysis:
2025-08-09 08:53:12,736 - INFO -    ✅ Guarantee Score: 0.67
2025-08-09 08:53:12,736 - INFO -    📊 Risk/Reward Ratio: 5.1:1
2025-08-09 08:53:12,736 - INFO -    🎯 Expected Profit: 10.2%
2025-08-09 08:53:12,737 - INFO -    ⚠️ Max Risk: 2.0%
2025-08-09 08:53:12,737 - INFO - 🚫 TRADE SKIPPED: Safety thresholds not met
2025-08-09 08:53:12,737 - INFO -    🛡️ Safety protection active
2025-08-09 08:53:12,839 - INFO - 
🔍 TRADE #84: Analyzing UNI/USDT
2025-08-09 08:53:12,840 - INFO - 📊 Market Intelligence:
2025-08-09 08:53:12,840 - INFO -    🎯 Profit Probability: 67.9%
2025-08-09 08:53:12,840 - INFO -    📈 Risk-Adjusted Score: 0.62
2025-08-09 08:53:12,840 - INFO -    ⚡ Volatility Regime: LOW
2025-08-09 08:53:12,840 - INFO -    🔧 Technical Confluence: 0.56
2025-08-09 08:53:12,840 - INFO - 🛡️ Profit Guarantee Analysis:
2025-08-09 08:53:12,840 - INFO -    ✅ Guarantee Score: 0.67
2025-08-09 08:53:12,840 - INFO -    📊 Risk/Reward Ratio: 5.1:1
2025-08-09 08:53:12,841 - INFO -    🎯 Expected Profit: 10.2%
2025-08-09 08:53:12,841 - INFO -    ⚠️ Max Risk: 2.0%
2025-08-09 08:53:12,841 - INFO - 🚫 TRADE SKIPPED: Safety thresholds not met
2025-08-09 08:53:12,841 - INFO -    🛡️ Safety protection active
2025-08-09 08:53:12,942 - INFO - 
🔍 TRADE #85: Analyzing UNI/USDT
2025-08-09 08:53:12,943 - INFO - 📊 Market Intelligence:
2025-08-09 08:53:12,943 - INFO -    🎯 Profit Probability: 67.9%
2025-08-09 08:53:12,943 - INFO -    📈 Risk-Adjusted Score: 0.62
2025-08-09 08:53:12,943 - INFO -    ⚡ Volatility Regime: LOW
2025-08-09 08:53:12,944 - INFO -    🔧 Technical Confluence: 0.56
2025-08-09 08:53:12,944 - INFO - 🛡️ Profit Guarantee Analysis:
2025-08-09 08:53:12,944 - INFO -    ✅ Guarantee Score: 0.67
2025-08-09 08:53:12,944 - INFO -    📊 Risk/Reward Ratio: 5.1:1
2025-08-09 08:53:12,944 - INFO -    🎯 Expected Profit: 10.2%
2025-08-09 08:53:12,944 - INFO -    ⚠️ Max Risk: 2.0%
2025-08-09 08:53:12,944 - INFO - 🚫 TRADE SKIPPED: Safety thresholds not met
2025-08-09 08:53:12,944 - INFO -    🛡️ Safety protection active
2025-08-09 08:53:13,046 - INFO - 
🔍 TRADE #86: Analyzing UNI/USDT
2025-08-09 08:53:13,047 - INFO - 📊 Market Intelligence:
2025-08-09 08:53:13,048 - INFO -    🎯 Profit Probability: 67.9%
2025-08-09 08:53:13,048 - INFO -    📈 Risk-Adjusted Score: 0.62
2025-08-09 08:53:13,048 - INFO -    ⚡ Volatility Regime: LOW
2025-08-09 08:53:13,048 - INFO -    🔧 Technical Confluence: 0.56
2025-08-09 08:53:13,048 - INFO - 🛡️ Profit Guarantee Analysis:
2025-08-09 08:53:13,048 - INFO -    ✅ Guarantee Score: 0.67
2025-08-09 08:53:13,048 - INFO -    📊 Risk/Reward Ratio: 5.1:1
2025-08-09 08:53:13,049 - INFO -    🎯 Expected Profit: 10.2%
2025-08-09 08:53:13,049 - INFO -    ⚠️ Max Risk: 2.0%
2025-08-09 08:53:13,049 - INFO - 🚫 TRADE SKIPPED: Safety thresholds not met
2025-08-09 08:53:13,049 - INFO -    🛡️ Safety protection active
2025-08-09 08:53:13,151 - INFO - 
🔍 TRADE #87: Analyzing UNI/USDT
2025-08-09 08:53:13,152 - INFO - 📊 Market Intelligence:
2025-08-09 08:53:13,152 - INFO -    🎯 Profit Probability: 67.9%
2025-08-09 08:53:13,153 - INFO -    📈 Risk-Adjusted Score: 0.62
2025-08-09 08:53:13,153 - INFO -    ⚡ Volatility Regime: LOW
2025-08-09 08:53:13,153 - INFO -    🔧 Technical Confluence: 0.56
2025-08-09 08:53:13,153 - INFO - 🛡️ Profit Guarantee Analysis:
2025-08-09 08:53:13,153 - INFO -    ✅ Guarantee Score: 0.67
2025-08-09 08:53:13,153 - INFO -    📊 Risk/Reward Ratio: 5.1:1
2025-08-09 08:53:13,153 - INFO -    🎯 Expected Profit: 10.2%
2025-08-09 08:53:13,153 - INFO -    ⚠️ Max Risk: 2.0%
2025-08-09 08:53:13,153 - INFO - 🚫 TRADE SKIPPED: Safety thresholds not met
2025-08-09 08:53:13,153 - INFO -    🛡️ Safety protection active
2025-08-09 08:53:13,256 - INFO - 
🔍 TRADE #88: Analyzing UNI/USDT
2025-08-09 08:53:13,257 - INFO - 📊 Market Intelligence:
2025-08-09 08:53:13,257 - INFO -    🎯 Profit Probability: 67.9%
2025-08-09 08:53:13,257 - INFO -    📈 Risk-Adjusted Score: 0.62
2025-08-09 08:53:13,257 - INFO -    ⚡ Volatility Regime: LOW
2025-08-09 08:53:13,257 - INFO -    🔧 Technical Confluence: 0.56
2025-08-09 08:53:13,257 - INFO - 🛡️ Profit Guarantee Analysis:
2025-08-09 08:53:13,257 - INFO -    ✅ Guarantee Score: 0.67
2025-08-09 08:53:13,257 - INFO -    📊 Risk/Reward Ratio: 5.1:1
2025-08-09 08:53:13,258 - INFO -    🎯 Expected Profit: 10.2%
2025-08-09 08:53:13,258 - INFO -    ⚠️ Max Risk: 2.0%
2025-08-09 08:53:13,258 - INFO - 🚫 TRADE SKIPPED: Safety thresholds not met
2025-08-09 08:53:13,258 - INFO -    🛡️ Safety protection active
2025-08-09 08:53:13,360 - INFO - 
🔍 TRADE #89: Analyzing UNI/USDT
2025-08-09 08:53:13,362 - INFO - 📊 Market Intelligence:
2025-08-09 08:53:13,362 - INFO -    🎯 Profit Probability: 67.9%
2025-08-09 08:53:13,363 - INFO -    📈 Risk-Adjusted Score: 0.62
2025-08-09 08:53:13,363 - INFO -    ⚡ Volatility Regime: LOW
2025-08-09 08:53:13,363 - INFO -    🔧 Technical Confluence: 0.56
2025-08-09 08:53:13,363 - INFO - 🛡️ Profit Guarantee Analysis:
2025-08-09 08:53:13,363 - INFO -    ✅ Guarantee Score: 0.67
2025-08-09 08:53:13,363 - INFO -    📊 Risk/Reward Ratio: 5.1:1
2025-08-09 08:53:13,363 - INFO -    🎯 Expected Profit: 10.2%
2025-08-09 08:53:13,363 - INFO -    ⚠️ Max Risk: 2.0%
2025-08-09 08:53:13,363 - INFO - 🚫 TRADE SKIPPED: Safety thresholds not met
2025-08-09 08:53:13,363 - INFO -    🛡️ Safety protection active
2025-08-09 08:53:13,465 - INFO - 
🔍 TRADE #90: Analyzing UNI/USDT
2025-08-09 08:53:13,466 - INFO - 📊 Market Intelligence:
2025-08-09 08:53:13,466 - INFO -    🎯 Profit Probability: 67.9%
2025-08-09 08:53:13,466 - INFO -    📈 Risk-Adjusted Score: 0.62
2025-08-09 08:53:13,466 - INFO -    ⚡ Volatility Regime: LOW
2025-08-09 08:53:13,466 - INFO -    🔧 Technical Confluence: 0.56
2025-08-09 08:53:13,466 - INFO - 🛡️ Profit Guarantee Analysis:
2025-08-09 08:53:13,466 - INFO -    ✅ Guarantee Score: 0.67
2025-08-09 08:53:13,466 - INFO -    📊 Risk/Reward Ratio: 5.1:1
2025-08-09 08:53:13,466 - INFO -    🎯 Expected Profit: 10.2%
2025-08-09 08:53:13,466 - INFO -    ⚠️ Max Risk: 2.0%
2025-08-09 08:53:13,466 - INFO - 🚫 TRADE SKIPPED: Safety thresholds not met
2025-08-09 08:53:13,466 - INFO -    🛡️ Safety protection active
2025-08-09 08:53:13,568 - INFO - 
🔍 TRADE #91: Analyzing UNI/USDT
2025-08-09 08:53:13,571 - INFO - 📊 Market Intelligence:
2025-08-09 08:53:13,571 - INFO -    🎯 Profit Probability: 67.9%
2025-08-09 08:53:13,572 - INFO -    📈 Risk-Adjusted Score: 0.62
2025-08-09 08:53:13,572 - INFO -    ⚡ Volatility Regime: LOW
2025-08-09 08:53:13,572 - INFO -    🔧 Technical Confluence: 0.56
2025-08-09 08:53:13,572 - INFO - 🛡️ Profit Guarantee Analysis:
2025-08-09 08:53:13,572 - INFO -    ✅ Guarantee Score: 0.67
2025-08-09 08:53:13,572 - INFO -    📊 Risk/Reward Ratio: 5.1:1
2025-08-09 08:53:13,573 - INFO -    🎯 Expected Profit: 10.2%
2025-08-09 08:53:13,573 - INFO -    ⚠️ Max Risk: 2.0%
2025-08-09 08:53:13,573 - INFO - 🚫 TRADE SKIPPED: Safety thresholds not met
2025-08-09 08:53:13,573 - INFO -    🛡️ Safety protection active
2025-08-09 08:53:13,675 - INFO - 
🔍 TRADE #92: Analyzing UNI/USDT
2025-08-09 08:53:13,676 - INFO - 📊 Market Intelligence:
2025-08-09 08:53:13,676 - INFO -    🎯 Profit Probability: 67.9%
2025-08-09 08:53:13,676 - INFO -    📈 Risk-Adjusted Score: 0.62
2025-08-09 08:53:13,676 - INFO -    ⚡ Volatility Regime: LOW
2025-08-09 08:53:13,676 - INFO -    🔧 Technical Confluence: 0.56
2025-08-09 08:53:13,676 - INFO - 🛡️ Profit Guarantee Analysis:
2025-08-09 08:53:13,676 - INFO -    ✅ Guarantee Score: 0.67
2025-08-09 08:53:13,676 - INFO -    📊 Risk/Reward Ratio: 5.1:1
2025-08-09 08:53:13,676 - INFO -    🎯 Expected Profit: 10.2%
2025-08-09 08:53:13,676 - INFO -    ⚠️ Max Risk: 2.0%
2025-08-09 08:53:13,677 - INFO - 🚫 TRADE SKIPPED: Safety thresholds not met
2025-08-09 08:53:13,677 - INFO -    🛡️ Safety protection active
2025-08-09 08:53:13,779 - INFO - 
🔍 TRADE #93: Analyzing UNI/USDT
2025-08-09 08:53:13,781 - INFO - 📊 Market Intelligence:
2025-08-09 08:53:13,781 - INFO -    🎯 Profit Probability: 67.9%
2025-08-09 08:53:13,781 - INFO -    📈 Risk-Adjusted Score: 0.62
2025-08-09 08:53:13,781 - INFO -    ⚡ Volatility Regime: LOW
2025-08-09 08:53:13,781 - INFO -    🔧 Technical Confluence: 0.56
2025-08-09 08:53:13,781 - INFO - 🛡️ Profit Guarantee Analysis:
2025-08-09 08:53:13,781 - INFO -    ✅ Guarantee Score: 0.67
2025-08-09 08:53:13,781 - INFO -    📊 Risk/Reward Ratio: 5.1:1
2025-08-09 08:53:13,782 - INFO -    🎯 Expected Profit: 10.2%
2025-08-09 08:53:13,782 - INFO -    ⚠️ Max Risk: 2.0%
2025-08-09 08:53:13,782 - INFO - 🚫 TRADE SKIPPED: Safety thresholds not met
2025-08-09 08:53:13,782 - INFO -    🛡️ Safety protection active
2025-08-09 08:53:13,883 - INFO - 
🔍 TRADE #94: Analyzing UNI/USDT
2025-08-09 08:53:13,884 - INFO - 📊 Market Intelligence:
2025-08-09 08:53:13,884 - INFO -    🎯 Profit Probability: 67.9%
2025-08-09 08:53:13,884 - INFO -    📈 Risk-Adjusted Score: 0.62
2025-08-09 08:53:13,884 - INFO -    ⚡ Volatility Regime: LOW
2025-08-09 08:53:13,884 - INFO -    🔧 Technical Confluence: 0.56
2025-08-09 08:53:13,884 - INFO - 🛡️ Profit Guarantee Analysis:
2025-08-09 08:53:13,884 - INFO -    ✅ Guarantee Score: 0.67
2025-08-09 08:53:13,884 - INFO -    📊 Risk/Reward Ratio: 5.1:1
2025-08-09 08:53:13,884 - INFO -    🎯 Expected Profit: 10.2%
2025-08-09 08:53:13,884 - INFO -    ⚠️ Max Risk: 2.0%
2025-08-09 08:53:13,884 - INFO - 🚫 TRADE SKIPPED: Safety thresholds not met
2025-08-09 08:53:13,885 - INFO -    🛡️ Safety protection active
2025-08-09 08:53:13,986 - INFO - 
🔍 TRADE #95: Analyzing UNI/USDT
2025-08-09 08:53:13,989 - INFO - 📊 Market Intelligence:
2025-08-09 08:53:13,989 - INFO -    🎯 Profit Probability: 67.9%
2025-08-09 08:53:13,989 - INFO -    📈 Risk-Adjusted Score: 0.62
2025-08-09 08:53:13,989 - INFO -    ⚡ Volatility Regime: LOW
2025-08-09 08:53:13,989 - INFO -    🔧 Technical Confluence: 0.56
2025-08-09 08:53:13,989 - INFO - 🛡️ Profit Guarantee Analysis:
2025-08-09 08:53:13,989 - INFO -    ✅ Guarantee Score: 0.67
2025-08-09 08:53:13,990 - INFO -    📊 Risk/Reward Ratio: 5.1:1
2025-08-09 08:53:13,990 - INFO -    🎯 Expected Profit: 10.2%
2025-08-09 08:53:13,990 - INFO -    ⚠️ Max Risk: 2.0%
2025-08-09 08:53:13,990 - INFO - 🚫 TRADE SKIPPED: Safety thresholds not met
2025-08-09 08:53:13,990 - INFO -    🛡️ Safety protection active
2025-08-09 08:53:14,092 - INFO - 
🔍 TRADE #96: Analyzing UNI/USDT
2025-08-09 08:53:14,092 - INFO - 📊 Market Intelligence:
2025-08-09 08:53:14,093 - INFO -    🎯 Profit Probability: 67.9%
2025-08-09 08:53:14,093 - INFO -    📈 Risk-Adjusted Score: 0.62
2025-08-09 08:53:14,093 - INFO -    ⚡ Volatility Regime: LOW
2025-08-09 08:53:14,093 - INFO -    🔧 Technical Confluence: 0.56
2025-08-09 08:53:14,093 - INFO - 🛡️ Profit Guarantee Analysis:
2025-08-09 08:53:14,093 - INFO -    ✅ Guarantee Score: 0.67
2025-08-09 08:53:14,093 - INFO -    📊 Risk/Reward Ratio: 5.1:1
2025-08-09 08:53:14,093 - INFO -    🎯 Expected Profit: 10.2%
2025-08-09 08:53:14,093 - INFO -    ⚠️ Max Risk: 2.0%
2025-08-09 08:53:14,094 - INFO - 🚫 TRADE SKIPPED: Safety thresholds not met
2025-08-09 08:53:14,094 - INFO -    🛡️ Safety protection active
2025-08-09 08:53:14,197 - INFO - 
🔍 TRADE #97: Analyzing UNI/USDT
2025-08-09 08:53:14,197 - INFO - 📊 Market Intelligence:
2025-08-09 08:53:14,197 - INFO -    🎯 Profit Probability: 67.9%
2025-08-09 08:53:14,197 - INFO -    📈 Risk-Adjusted Score: 0.62
2025-08-09 08:53:14,198 - INFO -    ⚡ Volatility Regime: LOW
2025-08-09 08:53:14,198 - INFO -    🔧 Technical Confluence: 0.56
2025-08-09 08:53:14,198 - INFO - 🛡️ Profit Guarantee Analysis:
2025-08-09 08:53:14,198 - INFO -    ✅ Guarantee Score: 0.67
2025-08-09 08:53:14,198 - INFO -    📊 Risk/Reward Ratio: 5.1:1
2025-08-09 08:53:14,198 - INFO -    🎯 Expected Profit: 10.2%
2025-08-09 08:53:14,198 - INFO -    ⚠️ Max Risk: 2.0%
2025-08-09 08:53:14,198 - INFO - 🚫 TRADE SKIPPED: Safety thresholds not met
2025-08-09 08:53:14,198 - INFO -    🛡️ Safety protection active
2025-08-09 08:53:14,300 - INFO - 
🔍 TRADE #98: Analyzing UNI/USDT
2025-08-09 08:53:14,300 - INFO - 📊 Market Intelligence:
2025-08-09 08:53:14,300 - INFO -    🎯 Profit Probability: 67.9%
2025-08-09 08:53:14,300 - INFO -    📈 Risk-Adjusted Score: 0.62
2025-08-09 08:53:14,300 - INFO -    ⚡ Volatility Regime: LOW
2025-08-09 08:53:14,301 - INFO -    🔧 Technical Confluence: 0.56
2025-08-09 08:53:14,301 - INFO - 🛡️ Profit Guarantee Analysis:
2025-08-09 08:53:14,301 - INFO -    ✅ Guarantee Score: 0.67
2025-08-09 08:53:14,301 - INFO -    📊 Risk/Reward Ratio: 5.1:1
2025-08-09 08:53:14,301 - INFO -    🎯 Expected Profit: 10.2%
2025-08-09 08:53:14,301 - INFO -    ⚠️ Max Risk: 2.0%
2025-08-09 08:53:14,301 - INFO - 🚫 TRADE SKIPPED: Safety thresholds not met
2025-08-09 08:53:14,301 - INFO -    🛡️ Safety protection active
2025-08-09 08:53:14,403 - INFO - 
🔍 TRADE #99: Analyzing UNI/USDT
2025-08-09 08:53:14,403 - INFO - 📊 Market Intelligence:
2025-08-09 08:53:14,404 - INFO -    🎯 Profit Probability: 67.9%
2025-08-09 08:53:14,404 - INFO -    📈 Risk-Adjusted Score: 0.62
2025-08-09 08:53:14,404 - INFO -    ⚡ Volatility Regime: LOW
2025-08-09 08:53:14,404 - INFO -    🔧 Technical Confluence: 0.56
2025-08-09 08:53:14,404 - INFO - 🛡️ Profit Guarantee Analysis:
2025-08-09 08:53:14,404 - INFO -    ✅ Guarantee Score: 0.67
2025-08-09 08:53:14,404 - INFO -    📊 Risk/Reward Ratio: 5.1:1
2025-08-09 08:53:14,404 - INFO -    🎯 Expected Profit: 10.2%
2025-08-09 08:53:14,404 - INFO -    ⚠️ Max Risk: 2.0%
2025-08-09 08:53:14,405 - INFO - 🚫 TRADE SKIPPED: Safety thresholds not met
2025-08-09 08:53:14,405 - INFO -    🛡️ Safety protection active
2025-08-09 08:53:14,507 - INFO - 
🔍 TRADE #100: Analyzing UNI/USDT
2025-08-09 08:53:14,507 - INFO - 📊 Market Intelligence:
2025-08-09 08:53:14,507 - INFO -    🎯 Profit Probability: 67.9%
2025-08-09 08:53:14,508 - INFO -    📈 Risk-Adjusted Score: 0.62
2025-08-09 08:53:14,508 - INFO -    ⚡ Volatility Regime: LOW
2025-08-09 08:53:14,508 - INFO -    🔧 Technical Confluence: 0.56
2025-08-09 08:53:14,508 - INFO - 🛡️ Profit Guarantee Analysis:
2025-08-09 08:53:14,508 - INFO -    ✅ Guarantee Score: 0.67
2025-08-09 08:53:14,508 - INFO -    📊 Risk/Reward Ratio: 5.1:1
2025-08-09 08:53:14,508 - INFO -    🎯 Expected Profit: 10.2%
2025-08-09 08:53:14,508 - INFO -    ⚠️ Max Risk: 2.0%
2025-08-09 08:53:14,508 - INFO - 🚫 TRADE SKIPPED: Safety thresholds not met
2025-08-09 08:53:14,508 - INFO -    🛡️ Safety protection active
2025-08-09 08:53:14,610 - INFO - 
================================================================================
2025-08-09 08:53:14,610 - INFO - 🎯 ULTRA-INTELLIGENT TRADING SIMULATION COMPLETE
2025-08-09 08:53:14,610 - INFO - ================================================================================
2025-08-09 08:53:14,610 - INFO - 💰 Final Capital: $100,000.00
2025-08-09 08:53:14,610 - INFO - 📈 Total Return: +0.00%
2025-08-09 08:53:14,610 - INFO - 🎯 Growth Factor: 1.00x
2025-08-09 08:53:14,611 - INFO - 🏆 Win Rate: 0.0%
2025-08-09 08:53:14,611 - INFO - 📊 Trades Executed: 0/100
2025-08-09 08:53:14,611 - INFO - 🛡️ Safety Skips: 100
2025-08-09 08:53:14,611 - INFO - ⚡ Compound Growth Rate: 0.00% per trade
2025-08-09 08:53:14,611 - INFO - 
🎯 PATH TO $1T ANALYSIS:
2025-08-09 08:53:14,611 - INFO -    📊 Current Progress: 0.000010%
2025-08-09 08:53:14,611 - INFO -    🚀 Remaining Growth Needed: 10,000,000x
2025-08-09 08:53:14,611 - INFO -    ⏰ Estimated Time: Not achievable at current rate
2025-08-09 08:53:14,611 - INFO -    💡 Milestone Reached: 1/10
2025-08-09 08:53:14,611 - INFO - 
📝 Report saved to: ultra_intelligent_trading_results.json
